../NFC/src/nfcpn532.c:23:6:PN532_Delay	16	static
../NFC/src/nfcpn532.c:27:6:PN532_WakeUp	8	static
../NFC/src/nfcpn532.c:72:6:PN532_setPassiveActivationRetries	16	static
../NFC/src/nfcpn532.c:99:6:PN532_readPassiveTargetID	24	static
../NFC/src/nfcpn532.c:133:6:PN532_readDetectedPassiveTargetID	24	static
../NFC/src/nfcpn532.c:208:6:PN532_SAMConfig	8	static
../NFC/src/nfcpn532.c:254:11:PN532_getGeneralStatus	16	static
../NFC/src/nfcpn532.c:296:7:PN532_diagnoseCommunicationLineTest	24	static
../NFC/src/nfcpn532.c:348:11:PN532_getFirmwareVersion	24	static
../NFC/src/nfcpn532.c:401:7:PN532_sendCommandCheckAck	16	static
../NFC/src/nfcpn532.c:462:7:PN532_writecommand	64	dynamic
../NFC/src/nfcpn532.c:529:7:PN532_write	24	static
../NFC/src/nfcpn532.c:562:7:PN532_readdata	24	static
../NFC/src/nfcpn532.c:617:7:PN532_readack	24	static
../NFC/src/nfcpn532.c:688:7:PN532_isready	16	static
../NFC/src/nfcpn532.c:760:7:PN532_waitready	24	static
../NFC/src/nfcpn532.c:788:10:PN532_setDataTarget	32	static
../NFC/src/nfcpn532.c:827:10:PN532_getDataTarget	24	static
../NFC/src/nfcpn532.c:862:10:PN532_AsTarget	72	static
../NFC/src/nfcpn532.c:907:10:PN532_mifareclassic_AuthenticateBlock	32	static
../NFC/src/nfcpn532.c:987:10:PN532_mifareclassic_ReadDataBlock	16	static
../NFC/src/nfcpn532.c:1044:10:PN532_mifareclassic_WriteDataBlock	16	static
../NFC/src/nfcpn532.c:1080:10:PN532_Read_Data	64	static
