Archive member included to satisfy reference by file (symbol)

c:/st/stm32cubeide_1.10.0/stm32cubeide/plugins/com.st.stm32cube.ide.mcu.externaltools.gnu-tools-for-stm32.10.3-2021.10.win32_1.0.0.202111181127/tools/bin/../lib/gcc/arm-none-eabi/10.3.1/../../../../arm-none-eabi/lib/thumb/v7-m/nofp\libc_nano.a(lib_a-atoi.o)
                              ./Core/src/main.o (atoi)
c:/st/stm32cubeide_1.10.0/stm32cubeide/plugins/com.st.stm32cube.ide.mcu.externaltools.gnu-tools-for-stm32.10.3-2021.10.win32_1.0.0.202111181127/tools/bin/../lib/gcc/arm-none-eabi/10.3.1/../../../../arm-none-eabi/lib/thumb/v7-m/nofp\libc_nano.a(lib_a-errno.o)
                              ./syscalls.o (__errno)
c:/st/stm32cubeide_1.10.0/stm32cubeide/plugins/com.st.stm32cube.ide.mcu.externaltools.gnu-tools-for-stm32.10.3-2021.10.win32_1.0.0.202111181127/tools/bin/../lib/gcc/arm-none-eabi/10.3.1/../../../../arm-none-eabi/lib/thumb/v7-m/nofp\libc_nano.a(lib_a-exit.o)
                              c:/st/stm32cubeide_1.10.0/stm32cubeide/plugins/com.st.stm32cube.ide.mcu.externaltools.gnu-tools-for-stm32.10.3-2021.10.win32_1.0.0.202111181127/tools/bin/../lib/gcc/arm-none-eabi/10.3.1/../../../../arm-none-eabi/lib/thumb/v7-m/nofp/crt0.o (exit)
c:/st/stm32cubeide_1.10.0/stm32cubeide/plugins/com.st.stm32cube.ide.mcu.externaltools.gnu-tools-for-stm32.10.3-2021.10.win32_1.0.0.202111181127/tools/bin/../lib/gcc/arm-none-eabi/10.3.1/../../../../arm-none-eabi/lib/thumb/v7-m/nofp\libc_nano.a(lib_a-impure.o)
                              c:/st/stm32cubeide_1.10.0/stm32cubeide/plugins/com.st.stm32cube.ide.mcu.externaltools.gnu-tools-for-stm32.10.3-2021.10.win32_1.0.0.202111181127/tools/bin/../lib/gcc/arm-none-eabi/10.3.1/../../../../arm-none-eabi/lib/thumb/v7-m/nofp\libc_nano.a(lib_a-exit.o) (_global_impure_ptr)
c:/st/stm32cubeide_1.10.0/stm32cubeide/plugins/com.st.stm32cube.ide.mcu.externaltools.gnu-tools-for-stm32.10.3-2021.10.win32_1.0.0.202111181127/tools/bin/../lib/gcc/arm-none-eabi/10.3.1/../../../../arm-none-eabi/lib/thumb/v7-m/nofp\libc_nano.a(lib_a-init.o)
                              c:/st/stm32cubeide_1.10.0/stm32cubeide/plugins/com.st.stm32cube.ide.mcu.externaltools.gnu-tools-for-stm32.10.3-2021.10.win32_1.0.0.202111181127/tools/bin/../lib/gcc/arm-none-eabi/10.3.1/../../../../arm-none-eabi/lib/thumb/v7-m/nofp/crt0.o (__libc_init_array)
c:/st/stm32cubeide_1.10.0/stm32cubeide/plugins/com.st.stm32cube.ide.mcu.externaltools.gnu-tools-for-stm32.10.3-2021.10.win32_1.0.0.202111181127/tools/bin/../lib/gcc/arm-none-eabi/10.3.1/../../../../arm-none-eabi/lib/thumb/v7-m/nofp\libc_nano.a(lib_a-memcmp.o)
                              ./NFC/src/nfcpn532.o (memcmp)
c:/st/stm32cubeide_1.10.0/stm32cubeide/plugins/com.st.stm32cube.ide.mcu.externaltools.gnu-tools-for-stm32.10.3-2021.10.win32_1.0.0.202111181127/tools/bin/../lib/gcc/arm-none-eabi/10.3.1/../../../../arm-none-eabi/lib/thumb/v7-m/nofp\libc_nano.a(lib_a-memcpy-stub.o)
                              ./NFC/src/nfcpn532.o (memcpy)
c:/st/stm32cubeide_1.10.0/stm32cubeide/plugins/com.st.stm32cube.ide.mcu.externaltools.gnu-tools-for-stm32.10.3-2021.10.win32_1.0.0.202111181127/tools/bin/../lib/gcc/arm-none-eabi/10.3.1/../../../../arm-none-eabi/lib/thumb/v7-m/nofp\libc_nano.a(lib_a-memmove.o)
                              ./Core/src/main.o (memmove)
c:/st/stm32cubeide_1.10.0/stm32cubeide/plugins/com.st.stm32cube.ide.mcu.externaltools.gnu-tools-for-stm32.10.3-2021.10.win32_1.0.0.202111181127/tools/bin/../lib/gcc/arm-none-eabi/10.3.1/../../../../arm-none-eabi/lib/thumb/v7-m/nofp\libc_nano.a(lib_a-memset.o)
                              c:/st/stm32cubeide_1.10.0/stm32cubeide/plugins/com.st.stm32cube.ide.mcu.externaltools.gnu-tools-for-stm32.10.3-2021.10.win32_1.0.0.202111181127/tools/bin/../lib/gcc/arm-none-eabi/10.3.1/../../../../arm-none-eabi/lib/thumb/v7-m/nofp/crt0.o (memset)
c:/st/stm32cubeide_1.10.0/stm32cubeide/plugins/com.st.stm32cube.ide.mcu.externaltools.gnu-tools-for-stm32.10.3-2021.10.win32_1.0.0.202111181127/tools/bin/../lib/gcc/arm-none-eabi/10.3.1/../../../../arm-none-eabi/lib/thumb/v7-m/nofp\libc_nano.a(lib_a-strcat.o)
                              ./Core/src/main.o (strcat)
c:/st/stm32cubeide_1.10.0/stm32cubeide/plugins/com.st.stm32cube.ide.mcu.externaltools.gnu-tools-for-stm32.10.3-2021.10.win32_1.0.0.202111181127/tools/bin/../lib/gcc/arm-none-eabi/10.3.1/../../../../arm-none-eabi/lib/thumb/v7-m/nofp\libc_nano.a(lib_a-strcpy.o)
                              ./Core/src/main.o (strcpy)
c:/st/stm32cubeide_1.10.0/stm32cubeide/plugins/com.st.stm32cube.ide.mcu.externaltools.gnu-tools-for-stm32.10.3-2021.10.win32_1.0.0.202111181127/tools/bin/../lib/gcc/arm-none-eabi/10.3.1/../../../../arm-none-eabi/lib/thumb/v7-m/nofp\libc_nano.a(lib_a-strlcpy.o)
                              ./Core/src/main.o (strlcpy)
[...]
Memory Configuration

Name             Origin             Length             Attributes
RAM              0x0000000020000000 0x0000000000005000 xrw
FLASH            0x0000000008000000 0x0000000000010000 xr
*default*        0x0000000000000000 0xffffffffffffffff

Linker script and memory map

LOAD c:/st/stm32cubeide_1.10.0/stm32cubeide/plugins/com.st.stm32cube.ide.mcu.externaltools.gnu-tools-for-stm32.10.3-2021.10.win32_1.0.0.202111181127/tools/bin/../lib/gcc/arm-none-eabi/10.3.1/thumb/v7-m/nofp/crti.o
LOAD c:/st/stm32cubeide_1.10.0/stm32cubeide/plugins/com.st.stm32cube.ide.mcu.externaltools.gnu-tools-for-stm32.10.3-2021.10.win32_1.0.0.202111181127/tools/bin/../lib/gcc/arm-none-eabi/10.3.1/thumb/v7-m/nofp/crtbegin.o
LOAD c:/st/stm32cubeide_1.10.0/stm32cubeide/plugins/com.st.stm32cube.ide.mcu.externaltools.gnu-tools-for-stm32.10.3-2021.10.win32_1.0.0.202111181127/tools/bin/../lib/gcc/arm-none-eabi/10.3.1/../../../../arm-none-eabi/lib/thumb/v7-m/nofp/crt0.o
LOAD ./CMSIS/src/system_stm32f10x.o
LOAD ./Core/src/main.o
LOAD ./Core/src/perif.o
LOAD ./Core/src/startup.o
LOAD ./LCD/src/LCD.o
LOAD ./NFC/src/nfcpn532.o
LOAD ./RTC/src/rtc.o
LOAD ./RTC/src/rtc_time.o
LOAD ./SPI/src/flashUtils.o
LOAD ./SPI/src/spi.o
LOAD ./SPI/src/spiFlash.o
LOAD ./SPL/src/misc.o
LOAD ./SPL/src/stm32f10x_adc.o
LOAD ./SPL/src/stm32f10x_bkp.o
LOAD ./SPL/src/stm32f10x_can.o
LOAD ./SPL/src/stm32f10x_cec.o
LOAD ./SPL/src/stm32f10x_crc.o
LOAD ./SPL/src/stm32f10x_dac.o
LOAD ./SPL/src/stm32f10x_dbgmcu.o
LOAD ./SPL/src/stm32f10x_dma.o
LOAD ./SPL/src/stm32f10x_exti.o
LOAD ./SPL/src/stm32f10x_flash.o
LOAD ./SPL/src/stm32f10x_fsmc.o
LOAD ./SPL/src/stm32f10x_gpio.o
LOAD ./SPL/src/stm32f10x_i2c.o
LOAD ./SPL/src/stm32f10x_iwdg.o
LOAD ./SPL/src/stm32f10x_pwr.o
LOAD ./SPL/src/stm32f10x_rcc.o
LOAD ./SPL/src/stm32f10x_rtc.o
LOAD ./SPL/src/stm32f10x_sdio.o
LOAD ./SPL/src/stm32f10x_spi.o
LOAD ./SPL/src/stm32f10x_tim.o
LOAD ./SPL/src/stm32f10x_usart.o
LOAD ./SPL/src/stm32f10x_wwdg.o
LOAD ./Startup/startup_stm32f103xb.o
LOAD ./USART/src/usart.o
LOAD ./syscalls.o
LOAD ./sysmem.o
START GROUP
LOAD c:/st/stm32cubeide_1.10.0/stm32cubeide/plugins/com.st.stm32cube.ide.mcu.externaltools.gnu-tools-for-stm32.10.3-2021.10.win32_1.0.0.202111181127/tools/bin/../lib/gcc/arm-none-eabi/10.3.1/../../../../arm-none-eabi/lib/thumb/v7-m/nofp\libc_nano.a
LOAD c:/st/stm32cubeide_1.10.0/stm32cubeide/plugins/com.st.stm32cube.ide.mcu.externaltools.gnu-tools-for-stm32.10.3-2021.10.win32_1.0.0.202111181127/tools/bin/../lib/gcc/arm-none-eabi/10.3.1/../../../../arm-none-eabi/lib/thumb/v7-m/nofp\libm.a
END GROUP
START GROUP
LOAD c:/st/stm32cubeide_1.10.0/stm32cubeide/plugins/com.st.stm32cube.ide.mcu.externaltools.gnu-tools-for-stm32.10.3-2021.10.win32_1.0.0.202111181127/tools/bin/../lib/gcc/arm-none-eabi/10.3.1/thumb/v7-m/nofp\libgcc.a
LOAD c:/st/stm32cubeide_1.10.0/stm32cubeide/plugins/com.st.stm32cube.ide.mcu.externaltools.gnu-tools-for-stm32.10.3-2021.10.win32_1.0.0.202111181127/tools/bin/../lib/gcc/arm-none-eabi/10.3.1/../../../../arm-none-eabi/lib/thumb/v7-m/nofp\libc_nano.a
END GROUP
START GROUP
LOAD c:/st/stm32cubeide_1.10.0/stm32cubeide/plugins/com.st.stm32cube.ide.mcu.externaltools.gnu-tools-for-stm32.10.3-2021.10.win32_1.0.0.202111181127/tools/bin/../lib/gcc/arm-none-eabi/10.3.1/thumb/v7-m/nofp\libgcc.a
LOAD c:/st/stm32cubeide_1.10.0/stm32cubeide/plugins/com.st.stm32cube.ide.mcu.externaltools.gnu-tools-for-stm32.10.3-2021.10.win32_1.0.0.202111181127/tools/bin/../lib/gcc/arm-none-eabi/10.3.1/../../../../arm-none-eabi/lib/thumb/v7-m/nofp\libc_nano.a
LOAD c:/st/stm32cubeide_1.10.0/stm32cubeide/plugins/com.st.stm32cube.ide.mcu.externaltools.gnu-tools-for-stm32.10.3-2021.10.win32_1.0.0.202111181127/tools/bin/../lib/gcc/arm-none-eabi/10.3.1/../../../../arm-none-eabi/lib/thumb/v7-m/nofp\libnosys.a
END GROUP
START GROUP
LOAD c:/st/stm32cubeide_1.10.0/stm32cubeide/plugins/com.st.stm32cube.ide.mcu.externaltools.gnu-tools-for-stm32.10.3-2021.10.win32_1.0.0.202111181127/tools/bin/../lib/gcc/arm-none-eabi/10.3.1/thumb/v7-m/nofp\libgcc.a
LOAD c:/st/stm32cubeide_1.10.0/stm32cubeide/plugins/com.st.stm32cube.ide.mcu.externaltools.gnu-tools-for-stm32.10.3-2021.10.win32_1.0.0.202111181127/tools/bin/../lib/gcc/arm-none-eabi/10.3.1/../../../../arm-none-eabi/lib/thumb/v7-m/nofp\libc_nano.a
LOAD c:/st/stm32cubeide_1.10.0/stm32cubeide/plugins/com.st.stm32cube.ide.mcu.externaltools.gnu-tools-for-stm32.10.3-2021.10.win32_1.0.0.202111181127/tools/bin/../lib/gcc/arm-none-eabi/10.3.1/../../../../arm-none-eabi/lib/thumb/v7-m/nofp\libnosys.a
END GROUP
LOAD c:/st/stm32cubeide_1.10.0/stm32cubeide/plugins/com.st.stm32cube.ide.mcu.externaltools.gnu-tools-for-stm32.10.3-2021.10.win32_1.0.0.202111181127/tools/bin/../lib/gcc/arm-none-eabi/10.3.1/thumb/v7-m/nofp/crtend.o
LOAD c:/st/stm32cubeide_1.10.0/stm32cubeide/plugins/com.st.stm32cube.ide.mcu.externaltools.gnu-tools-for-stm32.10.3-2021.10.win32_1.0.0.202111181127/tools/bin/../lib/gcc/arm-none-eabi/10.3.1/thumb/v7-m/nofp/crtn.o
                0x0000000020005000                _estack = (ORIGIN (RAM) + LENGTH (RAM))
                0x0000000000000200                _Min_Heap_Size = 0x200
                0x0000000000000400                _Min_Stack_Size = 0x400

.isr_vector     0x0000000008000000      0x10c
                0x0000000008000000                . = ALIGN (0x4)
 *(.isr_vector)
 .isr_vector    0x0000000008000000      0x10c ./Startup/startup_stm32f103xb.o
                0x0000000008000000                g_pfnVectors
                0x000000000800010c                . = ALIGN (0x4)

.text           0x000000000800010c     0x7128
                0x000000000800010c                . = ALIGN (0x4)
 *(.text)
 .text          0x000000000800010c       0x40 c:/st/stm32cubeide_1.10.0/stm32cubeide/plugins/com.st.stm32cube.ide.mcu.externaltools.gnu-tools-for-stm32.10.3-2021.10.win32_1.0.0.202111181127/tools/bin/../lib/gcc/arm-none-eabi/10.3.1/thumb/v7-m/nofp/crtbegin.o
 .text          0x000000000800014c       0x10 c:/st/stm32cubeide_1.10.0/stm32cubeide/plugins/com.st.stm32cube.ide.mcu.externaltools.gnu-tools-for-stm32.10.3-2021.10.win32_1.0.0.202111181127/tools/bin/../lib/gcc/arm-none-eabi/10.3.1/../../../../arm-none-eabi/lib/thumb/v7-m/nofp\libc_nano.a(lib_a-strlen.o)
                0x000000000800014c                strlen
 *(.text*)
 .text.SystemInit
                0x000000000800015c        0xc ./CMSIS/src/system_stm32f10x.o
                0x000000000800015c                SystemInit
 .text.SetSysClock
                0x0000000008000168        0xc ./CMSIS/src/system_stm32f10x.o
 .text.SetSysClockTo72
                0x0000000008000174      0x100 ./CMSIS/src/system_stm32f10x.o
 .text.NVIC_SetPriority
                0x0000000008000274       0x54 ./Core/src/main.o
 .text.SysTick_Config
                0x00000000080002c8       0x44 ./Core/src/main.o
 .text.LCD_PN532_CreateRunInfoString
                0x000000000800030c       0x74 ./Core/src/main.o
                0x000000000800030c                LCD_PN532_CreateRunInfoString
 .text.LCD_BAR_CreateRunInfoString
                0x0000000008000380       0x4c ./Core/src/main.o
                0x0000000008000380                LCD_BAR_CreateRunInfoString
 .text.PN532_Write_Data
                0x00000000080003cc      0x160 ./Core/src/main.o
                0x00000000080003cc                PN532_Write_Data
 .text.main     0x000000000800052c     0x195c ./Core/src/main.o
                0x000000000800052c                main
 .text.NVIC_EnableIRQ
                0x0000000008001e88       0x30 ./Core/src/perif.o
 .text.LED_Init
                0x0000000008001eb8       0x40 ./Core/src/perif.o
                0x0000000008001eb8                LED_Init
 .text.BTN_Init
                0x0000000008001ef8       0x30 ./Core/src/perif.o
                0x0000000008001ef8                BTN_Init
 .text.BTN_IRQHandler
                0x0000000008001f28       0x98 ./Core/src/perif.o
                0x0000000008001f28                BTN_IRQHandler
 .text.Timer1Init
                0x0000000008001fc0       0x74 ./Core/src/perif.o
                0x0000000008001fc0                Timer1Init
 .text.EnableTimer1Interrupt
                0x0000000008002034       0x24 ./Core/src/perif.o
                0x0000000008002034                EnableTimer1Interrupt
 .text.TIM1_IRQHandler
                0x0000000008002058      0x258 ./Core/src/perif.o
                0x0000000008002058                TIM1_IRQHandler
 .text.GetTickCount
                0x00000000080022b0       0x14 ./Core/src/perif.o
                0x00000000080022b0                GetTickCount
 .text.PN532_FirmWareVersion2String
                0x00000000080022c4      0x164 ./Core/src/perif.o
                0x00000000080022c4                PN532_FirmWareVersion2String
 .text.ValueInterrupToStr
                0x0000000008002428       0xf8 ./Core/src/perif.o
                0x0000000008002428                ValueInterrupToStr
 .text.fourbytes2strhex
                0x0000000008002520       0xe8 ./Core/src/perif.o
                0x0000000008002520                fourbytes2strhex
 .text.UIDResponse
                0x0000000008002608       0x64 ./Core/src/perif.o
                0x0000000008002608                UIDResponse
 .text.BytesHex2Str
                0x000000000800266c       0xc8 ./Core/src/perif.o
                0x000000000800266c                BytesHex2Str
 .text.PN532_WriteTagtoHex
                0x0000000008002734       0xe0 ./Core/src/perif.o
                0x0000000008002734                PN532_WriteTagtoHex
 .text.spi_gpio_init
                0x0000000008002814       0x68 ./Core/src/perif.o
                0x0000000008002814                spi_gpio_init
 .text.bcode_conv_to_flash
                0x000000000800287c      0x11c ./Core/src/perif.o
                0x000000000800287c                bcode_conv_to_flash
 .text.data_conv2Flash
                0x0000000008002998       0xd8 ./Core/src/perif.o
                0x0000000008002998                data_conv2Flash
 .text.nfc_conv2Flash
                0x0000000008002a70       0x64 ./Core/src/perif.o
                0x0000000008002a70                nfc_conv2Flash
 .text.flash_conv2_addr
                0x0000000008002ad4       0x38 ./Core/src/perif.o
                0x0000000008002ad4                flash_conv2_addr
 .text.TimingDelay_Decrement
                0x0000000008002b0c       0x30 ./Core/src/startup.o
                0x0000000008002b0c                TimingDelay_Decrement
 .text.Delay    0x0000000008002b3c       0x28 ./Core/src/startup.o
                0x0000000008002b3c                Delay
 .text.LCD_CtrlLinesConfig
                0x0000000008002b64       0x94 ./LCD/src/LCD.o
                0x0000000008002b64                LCD_CtrlLinesConfig
 .text.I2C_SingleRandomWrite
                0x0000000008002bf8       0xc0 ./LCD/src/LCD.o
                0x0000000008002bf8                I2C_SingleRandomWrite
 .text.LCD_SetCursor
                0x0000000008002cb8       0x9c ./LCD/src/LCD.o
                0x0000000008002cb8                LCD_SetCursor
 .text.LCD_WriteData
                0x0000000008002d54       0xc4 ./LCD/src/LCD.o
                0x0000000008002d54                LCD_WriteData
 .text.LCD_WriteString
                0x0000000008002e18       0x3a ./LCD/src/LCD.o
                0x0000000008002e18                LCD_WriteString
 *fill*         0x0000000008002e52        0x2 
 .text.LCD_RunStringDevInfo
                0x0000000008002e54      0x22c ./LCD/src/LCD.o
                0x0000000008002e54                LCD_RunStringDevInfo
 .text.LCD_RunStringBARCode
                0x0000000008003080      0x128 ./LCD/src/LCD.o
                0x0000000008003080                LCD_RunStringBARCode
 .text.LCD_RunStringNFCCode
                0x00000000080031a8      0x128 ./LCD/src/LCD.o
                0x00000000080031a8                LCD_RunStringNFCCode
 .text.LCD_Init
                0x00000000080032d0       0xa0 ./LCD/src/LCD.o
                0x00000000080032d0                LCD_Init
 .text.PN532_Delay
                0x0000000008003370       0x20 ./NFC/src/nfcpn532.o
                0x0000000008003370                PN532_Delay
 .text.PN532_WakeUp
                0x0000000008003390       0x2c ./NFC/src/nfcpn532.o
                0x0000000008003390                PN532_WakeUp
 .text.PN532_setPassiveActivationRetries
                0x00000000080033bc       0x4c ./NFC/src/nfcpn532.o
                0x00000000080033bc                PN532_setPassiveActivationRetries
 .text.PN532_readPassiveTargetID
                0x0000000008003408       0x58 ./NFC/src/nfcpn532.o
                0x0000000008003408                PN532_readPassiveTargetID
 .text.PN532_readDetectedPassiveTargetID
                0x0000000008003460       0x78 ./NFC/src/nfcpn532.o
                0x0000000008003460                PN532_readDetectedPassiveTargetID
 .text.PN532_SAMConfig
                0x00000000080034d8       0x58 ./NFC/src/nfcpn532.o
                0x00000000080034d8                PN532_SAMConfig
 .text.PN532_getFirmwareVersion
                0x0000000008003530       0xc0 ./NFC/src/nfcpn532.o
                0x0000000008003530                PN532_getFirmwareVersion
 .text.PN532_sendCommandCheckAck
                0x00000000080035f0       0x50 ./NFC/src/nfcpn532.o
                0x00000000080035f0                PN532_sendCommandCheckAck
 .text.PN532_writecommand
                0x0000000008003640      0x138 ./NFC/src/nfcpn532.o
                0x0000000008003640                PN532_writecommand
 .text.PN532_write
                0x0000000008003778       0x88 ./NFC/src/nfcpn532.o
                0x0000000008003778                PN532_write
 .text.PN532_readdata
                0x0000000008003800       0xe4 ./NFC/src/nfcpn532.o
                0x0000000008003800                PN532_readdata
 .text.PN532_readack
                0x00000000080038e4      0x110 ./NFC/src/nfcpn532.o
                0x00000000080038e4                PN532_readack
 .text.PN532_isready
                0x00000000080039f4      0x140 ./NFC/src/nfcpn532.o
                0x00000000080039f4                PN532_isready
 .text.PN532_waitready
                0x0000000008003b34       0x4e ./NFC/src/nfcpn532.o
                0x0000000008003b34                PN532_waitready
 *fill*         0x0000000008003b82        0x2 
 .text.PN532_mifareclassic_AuthenticateBlock
                0x0000000008003b84       0xec ./NFC/src/nfcpn532.o
                0x0000000008003b84                PN532_mifareclassic_AuthenticateBlock
 .text.PN532_mifareclassic_ReadDataBlock
                0x0000000008003c70       0x78 ./NFC/src/nfcpn532.o
                0x0000000008003c70                PN532_mifareclassic_ReadDataBlock
 .text.PN532_mifareclassic_WriteDataBlock
                0x0000000008003ce8       0x70 ./NFC/src/nfcpn532.o
                0x0000000008003ce8                PN532_mifareclassic_WriteDataBlock
 .text.PN532_Read_Data
                0x0000000008003d58       0xa4 ./NFC/src/nfcpn532.o
                0x0000000008003d58                PN532_Read_Data
 .text.RTC_INIT
                0x0000000008003dfc      0x104 ./RTC/src/rtc.o
                0x0000000008003dfc                RTC_INIT
 .text.RTC_GET_COUNTER
                0x0000000008003f00       0x20 ./RTC/src/rtc.o
                0x0000000008003f00                RTC_GET_COUNTER
 .text.RTC_SET_COUNTER
                0x0000000008003f20       0x94 ./RTC/src/rtc.o
                0x0000000008003f20                RTC_SET_COUNTER
 .text.timer_to_cal
                0x0000000008003fb4      0x1d4 ./RTC/src/rtc_time.o
                0x0000000008003fb4                timer_to_cal
 .text.cal_to_timer
                0x0000000008004188       0xfc ./RTC/src/rtc_time.o
                0x0000000008004188                cal_to_timer
 .text.convert_time_from_android
                0x0000000008004284      0x27a ./RTC/src/rtc_time.o
                0x0000000008004284                convert_time_from_android
 *fill*         0x00000000080044fe        0x2 
 .text.NVIC_EnableIRQ
                0x0000000008004500       0x30 ./SPI/src/spi.o
 .text.NVIC_DisableIRQ
                0x0000000008004530       0x34 ./SPI/src/spi.o
 .text.NVIC_SetPriority
                0x0000000008004564       0x54 ./SPI/src/spi.o
 .text.PN532_SPIInit
                0x00000000080045b8       0x94 ./SPI/src/spi.o
                0x00000000080045b8                PN532_SPIInit
 .text.SPI_Send_Recv
                0x000000000800464c       0x88 ./SPI/src/spi.o
                0x000000000800464c                SPI_Send_Recv
 .text.SpiSendRecvFlash
                0x00000000080046d4       0x60 ./SPI/src/spi.o
                0x00000000080046d4                SpiSendRecvFlash
 .text.SPI2_IRQHandler
                0x0000000008004734       0xa0 ./SPI/src/spi.o
                0x0000000008004734                SPI2_IRQHandler
 .text.SPI_FLASH_CONFIG
                0x00000000080047d4       0xb0 ./SPI/src/spi.o
                0x00000000080047d4                SPI_FLASH_CONFIG
 .text.spiFlash_Read
                0x0000000008004884       0xb0 ./SPI/src/spiFlash.o
                0x0000000008004884                spiFlash_Read
 .text.NVIC_PriorityGroupConfig
                0x0000000008004934       0x24 ./SPL/src/misc.o
                0x0000000008004934                NVIC_PriorityGroupConfig
 .text.NVIC_Init
                0x0000000008004958       0xc4 ./SPL/src/misc.o
                0x0000000008004958                NVIC_Init
 .text.EXTI_GetFlagStatus
                0x0000000008004a1c       0x34 ./SPL/src/stm32f10x_exti.o
                0x0000000008004a1c                EXTI_GetFlagStatus
 .text.EXTI_ClearITPendingBit
                0x0000000008004a50       0x1c ./SPL/src/stm32f10x_exti.o
                0x0000000008004a50                EXTI_ClearITPendingBit
 .text.GPIO_Init
                0x0000000008004a6c      0x178 ./SPL/src/stm32f10x_gpio.o
                0x0000000008004a6c                GPIO_Init
 .text.GPIO_ReadInputDataBit
                0x0000000008004be4       0x32 ./SPL/src/stm32f10x_gpio.o
                0x0000000008004be4                GPIO_ReadInputDataBit
 .text.GPIO_WriteBit
                0x0000000008004c16       0x2e ./SPL/src/stm32f10x_gpio.o
                0x0000000008004c16                GPIO_WriteBit
 .text.I2C_Init
                0x0000000008004c44      0x184 ./SPL/src/stm32f10x_i2c.o
                0x0000000008004c44                I2C_Init
 .text.I2C_Cmd  0x0000000008004dc8       0x3e ./SPL/src/stm32f10x_i2c.o
                0x0000000008004dc8                I2C_Cmd
 .text.I2C_GenerateSTART
                0x0000000008004e06       0x3e ./SPL/src/stm32f10x_i2c.o
                0x0000000008004e06                I2C_GenerateSTART
 .text.I2C_GenerateSTOP
                0x0000000008004e44       0x3e ./SPL/src/stm32f10x_i2c.o
                0x0000000008004e44                I2C_GenerateSTOP
 .text.I2C_SendData
                0x0000000008004e82       0x1e ./SPL/src/stm32f10x_i2c.o
                0x0000000008004e82                I2C_SendData
 .text.I2C_Send7bitAddress
                0x0000000008004ea0       0x3a ./SPL/src/stm32f10x_i2c.o
                0x0000000008004ea0                I2C_Send7bitAddress
 .text.I2C_CheckEvent
                0x0000000008004eda       0x5e ./SPL/src/stm32f10x_i2c.o
                0x0000000008004eda                I2C_CheckEvent
 .text.RCC_HSEConfig
                0x0000000008004f38       0x5c ./SPL/src/stm32f10x_rcc.o
                0x0000000008004f38                RCC_HSEConfig
 .text.RCC_PLLConfig
                0x0000000008004f94       0x3c ./SPL/src/stm32f10x_rcc.o
                0x0000000008004f94                RCC_PLLConfig
 .text.RCC_PLLCmd
                0x0000000008004fd0       0x20 ./SPL/src/stm32f10x_rcc.o
                0x0000000008004fd0                RCC_PLLCmd
 .text.RCC_SYSCLKConfig
                0x0000000008004ff0       0x38 ./SPL/src/stm32f10x_rcc.o
                0x0000000008004ff0                RCC_SYSCLKConfig
 .text.RCC_GetClocksFreq
                0x0000000008005028      0x16c ./SPL/src/stm32f10x_rcc.o
                0x0000000008005028                RCC_GetClocksFreq
 .text.RCC_APB2PeriphClockCmd
                0x0000000008005194       0x3c ./SPL/src/stm32f10x_rcc.o
                0x0000000008005194                RCC_APB2PeriphClockCmd
 .text.RCC_APB1PeriphClockCmd
                0x00000000080051d0       0x3c ./SPL/src/stm32f10x_rcc.o
                0x00000000080051d0                RCC_APB1PeriphClockCmd
 .text.RCC_ClockSecuritySystemCmd
                0x000000000800520c       0x20 ./SPL/src/stm32f10x_rcc.o
                0x000000000800520c                RCC_ClockSecuritySystemCmd
 .text.SPI_Init
                0x000000000800522c       0x86 ./SPL/src/stm32f10x_spi.o
                0x000000000800522c                SPI_Init
 .text.SPI_Cmd  0x00000000080052b2       0x3e ./SPL/src/stm32f10x_spi.o
                0x00000000080052b2                SPI_Cmd
 .text.SPI_I2S_ITConfig
                0x00000000080052f0       0x60 ./SPL/src/stm32f10x_spi.o
                0x00000000080052f0                SPI_I2S_ITConfig
 .text.SPI_I2S_SendData
                0x0000000008005350       0x1c ./SPL/src/stm32f10x_spi.o
                0x0000000008005350                SPI_I2S_SendData
 .text.SPI_I2S_ReceiveData
                0x000000000800536c       0x18 ./SPL/src/stm32f10x_spi.o
                0x000000000800536c                SPI_I2S_ReceiveData
 .text.SPI_SSOutputCmd
                0x0000000008005384       0x3e ./SPL/src/stm32f10x_spi.o
                0x0000000008005384                SPI_SSOutputCmd
 .text.SPI_CalculateCRC
                0x00000000080053c2       0x3e ./SPL/src/stm32f10x_spi.o
                0x00000000080053c2                SPI_CalculateCRC
 .text.SPI_I2S_GetFlagStatus
                0x0000000008005400       0x36 ./SPL/src/stm32f10x_spi.o
                0x0000000008005400                SPI_I2S_GetFlagStatus
 *fill*         0x0000000008005436        0x2 
 .text.TIM_TimeBaseInit
                0x0000000008005438       0xf8 ./SPL/src/stm32f10x_tim.o
                0x0000000008005438                TIM_TimeBaseInit
 .text.TIM_Cmd  0x0000000008005530       0x3e ./SPL/src/stm32f10x_tim.o
                0x0000000008005530                TIM_Cmd
 .text.TIM_ITConfig
                0x000000000800556e       0x46 ./SPL/src/stm32f10x_tim.o
                0x000000000800556e                TIM_ITConfig
 .text.TIM_GetITStatus
                0x00000000080055b4       0x52 ./SPL/src/stm32f10x_tim.o
                0x00000000080055b4                TIM_GetITStatus
 .text.TIM_ClearITPendingBit
                0x0000000008005606       0x20 ./SPL/src/stm32f10x_tim.o
                0x0000000008005606                TIM_ClearITPendingBit
 *fill*         0x0000000008005626        0x2 
 .text.USART_Init
                0x0000000008005628      0x174 ./SPL/src/stm32f10x_usart.o
                0x0000000008005628                USART_Init
 .text.USART_Cmd
                0x000000000800579c       0x3e ./SPL/src/stm32f10x_usart.o
                0x000000000800579c                USART_Cmd
 .text.USART_ITConfig
                0x00000000080057da       0x8e ./SPL/src/stm32f10x_usart.o
                0x00000000080057da                USART_ITConfig
 .text.USART_SendData
                0x0000000008005868       0x22 ./SPL/src/stm32f10x_usart.o
                0x0000000008005868                USART_SendData
 .text.USART_ReceiveData
                0x000000000800588a       0x1e ./SPL/src/stm32f10x_usart.o
                0x000000000800588a                USART_ReceiveData
 .text.USART_GetFlagStatus
                0x00000000080058a8       0x36 ./SPL/src/stm32f10x_usart.o
                0x00000000080058a8                USART_GetFlagStatus
 .text.USART_ClearITPendingBit
                0x00000000080058de       0x38 ./SPL/src/stm32f10x_usart.o
                0x00000000080058de                USART_ClearITPendingBit
 *fill*         0x0000000008005916        0x2 
 .text.Reset_Handler
                0x0000000008005918       0x48 ./Startup/startup_stm32f103xb.o
                0x0000000008005918                Reset_Handler
 .text.Default_Handler
                0x0000000008005960        0x2 ./Startup/startup_stm32f103xb.o
                0x0000000008005960                RTC_Alarm_IRQHandler
                0x0000000008005960                EXTI2_IRQHandler
                0x0000000008005960                DebugMon_Handler
                0x0000000008005960                TIM1_CC_IRQHandler
                0x0000000008005960                HardFault_Handler
                0x0000000008005960                SysTick_Handler
                0x0000000008005960                PVD_IRQHandler
                0x0000000008005960                PendSV_Handler
                0x0000000008005960                NMI_Handler
                0x0000000008005960                EXTI3_IRQHandler
                0x0000000008005960                EXTI0_IRQHandler
                0x0000000008005960                I2C2_EV_IRQHandler
                0x0000000008005960                UsageFault_Handler
                0x0000000008005960                ADC1_2_IRQHandler
                0x0000000008005960                SPI1_IRQHandler
                0x0000000008005960                TAMPER_IRQHandler
                0x0000000008005960                DMA1_Channel4_IRQHandler
                0x0000000008005960                USART3_IRQHandler
                0x0000000008005960                RTC_IRQHandler
                0x0000000008005960                DMA1_Channel7_IRQHandler
                0x0000000008005960                CAN1_RX1_IRQHandler
                0x0000000008005960                TIM4_IRQHandler
                0x0000000008005960                I2C1_EV_IRQHandler
                0x0000000008005960                DMA1_Channel6_IRQHandler
                0x0000000008005960                TIM3_IRQHandler
                0x0000000008005960                RCC_IRQHandler
                0x0000000008005960                TIM1_TRG_COM_IRQHandler
                0x0000000008005960                DMA1_Channel1_IRQHandler
                0x0000000008005960                Default_Handler
                0x0000000008005960                EXTI15_10_IRQHandler
                0x0000000008005960                EXTI9_5_IRQHandler
                0x0000000008005960                MemManage_Handler
                0x0000000008005960                SVC_Handler
                0x0000000008005960                DMA1_Channel5_IRQHandler
                0x0000000008005960                EXTI4_IRQHandler
                0x0000000008005960                USB_LP_CAN1_RX0_IRQHandler
                0x0000000008005960                USB_HP_CAN1_TX_IRQHandler
                0x0000000008005960                DMA1_Channel3_IRQHandler
                0x0000000008005960                TIM1_UP_IRQHandler
                0x0000000008005960                WWDG_IRQHandler
                0x0000000008005960                TIM2_IRQHandler
                0x0000000008005960                TIM1_BRK_IRQHandler
                0x0000000008005960                EXTI1_IRQHandler
                0x0000000008005960                I2C2_ER_IRQHandler
                0x0000000008005960                DMA1_Channel2_IRQHandler
                0x0000000008005960                CAN1_SCE_IRQHandler
                0x0000000008005960                FLASH_IRQHandler
                0x0000000008005960                BusFault_Handler
                0x0000000008005960                I2C1_ER_IRQHandler
                0x0000000008005960                USBWakeUp_IRQHandler
 *fill*         0x0000000008005962        0x2 
 .text.Usart2Init
                0x0000000008005964       0xb0 ./USART/src/usart.o
                0x0000000008005964                Usart2Init
 .text.Usart2_SendData
                0x0000000008005a14       0x50 ./USART/src/usart.o
                0x0000000008005a14                Usart2_SendData
 .text.SCAN_UsartInit
                0x0000000008005a64       0xb0 ./USART/src/usart.o
                0x0000000008005a64                SCAN_UsartInit
 .text.SCAN_SendCMD
                0x0000000008005b14       0x50 ./USART/src/usart.o
                0x0000000008005b14                SCAN_SendCMD
 .text.USART_NUM_IRQHandler
                0x0000000008005b64       0xb0 ./USART/src/usart.o
                0x0000000008005b64                USART_NUM_IRQHandler
 .text.FIFO_GetNextData
                0x0000000008005c14       0x5c ./USART/src/usart.o
                0x0000000008005c14                FIFO_GetNextData
 .text.Date_GetNextDate
                0x0000000008005c70       0x5c ./USART/src/usart.o
                0x0000000008005c70                Date_GetNextDate
 .text.USART2_IRQHandler
                0x0000000008005ccc       0x68 ./USART/src/usart.o
                0x0000000008005ccc                USART2_IRQHandler
 .text._getpid  0x0000000008005d34        0xe ./syscalls.o
                0x0000000008005d34                _getpid
 .text._kill    0x0000000008005d42       0x20 ./syscalls.o
                0x0000000008005d42                _kill
 .text._exit    0x0000000008005d62       0x14 ./syscalls.o
                0x0000000008005d62                _exit
 .text._read    0x0000000008005d76       0x3a ./syscalls.o
                0x0000000008005d76                _read
 .text._write   0x0000000008005db0       0x38 ./syscalls.o
                0x0000000008005db0                _write
 .text._close   0x0000000008005de8       0x16 ./syscalls.o
                0x0000000008005de8                _close
 .text._fstat   0x0000000008005dfe       0x1e ./syscalls.o
                0x0000000008005dfe                _fstat
 .text._isatty  0x0000000008005e1c       0x14 ./syscalls.o
                0x0000000008005e1c                _isatty
 .text._lseek   0x0000000008005e30       0x18 ./syscalls.o
                0x0000000008005e30                _lseek
 .text._sbrk    0x0000000008005e48       0x58 ./sysmem.o
                0x0000000008005e48                _sbrk
 .text.atoi     0x0000000008005ea0        0x8 c:/st/stm32cubeide_1.10.0/stm32cubeide/plugins/com.st.stm32cube.ide.mcu.externaltools.gnu-tools-for-stm32.10.3-2021.10.win32_1.0.0.202111181127/tools/bin/../lib/gcc/arm-none-eabi/10.3.1/../../../../arm-none-eabi/lib/thumb/v7-m/nofp\libc_nano.a(lib_a-atoi.o)
                0x0000000008005ea0                atoi
 .text.__errno  0x0000000008005ea8        0xc c:/st/stm32cubeide_1.10.0/stm32cubeide/plugins/com.st.stm32cube.ide.mcu.externaltools.gnu-tools-for-stm32.10.3-2021.10.win32_1.0.0.202111181127/tools/bin/../lib/gcc/arm-none-eabi/10.3.1/../../../../arm-none-eabi/lib/thumb/v7-m/nofp\libc_nano.a(lib_a-errno.o)
                0x0000000008005ea8                __errno
 .text.__libc_init_array
                0x0000000008005eb4       0x48 c:/st/stm32cubeide_1.10.0/stm32cubeide/plugins/com.st.stm32cube.ide.mcu.externaltools.gnu-tools-for-stm32.10.3-2021.10.win32_1.0.0.202111181127/tools/bin/../lib/gcc/arm-none-eabi/10.3.1/../../../../arm-none-eabi/lib/thumb/v7-m/nofp\libc_nano.a(lib_a-init.o)
                0x0000000008005eb4                __libc_init_array
 .text.memcmp   0x0000000008005efc       0x20 c:/st/stm32cubeide_1.10.0/stm32cubeide/plugins/com.st.stm32cube.ide.mcu.externaltools.gnu-tools-for-stm32.10.3-2021.10.win32_1.0.0.202111181127/tools/bin/../lib/gcc/arm-none-eabi/10.3.1/../../../../arm-none-eabi/lib/thumb/v7-m/nofp\libc_nano.a(lib_a-memcmp.o)
                0x0000000008005efc                memcmp
 .text.memcpy   0x0000000008005f1c       0x1c c:/st/stm32cubeide_1.10.0/stm32cubeide/plugins/com.st.stm32cube.ide.mcu.externaltools.gnu-tools-for-stm32.10.3-2021.10.win32_1.0.0.202111181127/tools/bin/../lib/gcc/arm-none-eabi/10.3.1/../../../../arm-none-eabi/lib/thumb/v7-m/nofp\libc_nano.a(lib_a-memcpy-stub.o)
                0x0000000008005f1c                memcpy
 .text.memmove  0x0000000008005f38       0x34 c:/st/stm32cubeide_1.10.0/stm32cubeide/plugins/com.st.stm32cube.ide.mcu.externaltools.gnu-tools-for-stm32.10.3-2021.10.win32_1.0.0.202111181127/tools/bin/../lib/gcc/arm-none-eabi/10.3.1/../../../../arm-none-eabi/lib/thumb/v7-m/nofp\libc_nano.a(lib_a-memmove.o)
                0x0000000008005f38                memmove
 .text.memset   0x0000000008005f6c       0x10 c:/st/stm32cubeide_1.10.0/stm32cubeide/plugins/com.st.stm32cube.ide.mcu.externaltools.gnu-tools-for-stm32.10.3-2021.10.win32_1.0.0.202111181127/tools/bin/../lib/gcc/arm-none-eabi/10.3.1/../../../../arm-none-eabi/lib/thumb/v7-m/nofp\libc_nano.a(lib_a-memset.o)
                0x0000000008005f6c                memset
 .text.strcat   0x0000000008005f7c       0x1e c:/st/stm32cubeide_1.10.0/stm32cubeide/plugins/com.st.stm32cube.ide.mcu.externaltools.gnu-tools-for-stm32.10.3-2021.10.win32_1.0.0.202111181127/tools/bin/../lib/gcc/arm-none-eabi/10.3.1/../../../../arm-none-eabi/lib/thumb/v7-m/nofp\libc_nano.a(lib_a-strcat.o)
                0x0000000008005f7c                strcat
 .text.strcpy   0x0000000008005f9a       0x10 c:/st/stm32cubeide_1.10.0/stm32cubeide/plugins/com.st.stm32cube.ide.mcu.externaltools.gnu-tools-for-stm32.10.3-2021.10.win32_1.0.0.202111181127/tools/bin/../lib/gcc/arm-none-eabi/10.3.1/../../../../arm-none-eabi/lib/thumb/v7-m/nofp\libc_nano.a(lib_a-strcpy.o)
                0x0000000008005f9a                strcpy
 .text.strlcpy  0x0000000008005faa       0x2a c:/st/stm32cubeide_1.10.0/stm32cubeide/plugins/com.st.stm32cube.ide.mcu.externaltools.gnu-tools-for-stm32.10.3-2021.10.win32_1.0.0.202111181127/tools/bin/../lib/gcc/arm-none-eabi/10.3.1/../../../../arm-none-eabi/lib/thumb/v7-m/nofp\libc_nano.a(lib_a-strlcpy.o)
                0x0000000008005faa                strlcpy
 .text.strncat  0x0000000008005fd4       0x26 c:/st/stm32cubeide_1.10.0/stm32cubeide/plugins/com.st.stm32cube.ide.mcu.externaltools.gnu-tools-for-stm32.10.3-2021.10.win32_1.0.0.202111181127/tools/bin/../lib/gcc/arm-none-eabi/10.3.1/../../../../arm-none-eabi/lib/thumb/v7-m/nofp\libc_nano.a(lib_a-strncat.o)
                0x0000000008005fd4                strncat
 .text.strpbrk  0x0000000008005ffa       0x30 c:/st/stm32cubeide_1.10.0/stm32cubeide/plugins/com.st.stm32cube.ide.mcu.externaltools.gnu-tools-for-stm32.10.3-2021.10.win32_1.0.0.202111181127/tools/bin/../lib/gcc/arm-none-eabi/10.3.1/../../../../arm-none-eabi/lib/thumb/v7-m/nofp\libc_nano.a(lib_a-strpbrk.o)
                0x0000000008005ffa                strpbrk
 .text.strstr   0x000000000800602a       0x2c c:/st/stm32cubeide_1.10.0/stm32cubeide/plugins/com.st.stm32cube.ide.mcu.externaltools.gnu-tools-for-stm32.10.3-2021.10.win32_1.0.0.202111181127/tools/bin/../lib/gcc/arm-none-eabi/10.3.1/../../../../arm-none-eabi/lib/thumb/v7-m/nofp\libc_nano.a(lib_a-strstr.o)
                0x000000000800602a                strstr
 *fill*         0x0000000008006056        0x2 
 .text.strtok   0x0000000008006058       0x68 c:/st/stm32cubeide_1.10.0/stm32cubeide/plugins/com.st.stm32cube.ide.mcu.externaltools.gnu-tools-for-stm32.10.3-2021.10.win32_1.0.0.202111181127/tools/bin/../lib/gcc/arm-none-eabi/10.3.1/../../../../arm-none-eabi/lib/thumb/v7-m/nofp\libc_nano.a(lib_a-strtok.o)
                0x0000000008006058                strtok
 .text.__strtok_r
                0x00000000080060c0       0x50 c:/st/stm32cubeide_1.10.0/stm32cubeide/plugins/com.st.stm32cube.ide.mcu.externaltools.gnu-tools-for-stm32.10.3-2021.10.win32_1.0.0.202111181127/tools/bin/../lib/gcc/arm-none-eabi/10.3.1/../../../../arm-none-eabi/lib/thumb/v7-m/nofp\libc_nano.a(lib_a-strtok_r.o)
                0x00000000080060c0                __strtok_r
 .text._strtol_l.constprop.0
                0x0000000008006110       0xf8 c:/st/stm32cubeide_1.10.0/stm32cubeide/plugins/com.st.stm32cube.ide.mcu.externaltools.gnu-tools-for-stm32.10.3-2021.10.win32_1.0.0.202111181127/tools/bin/../lib/gcc/arm-none-eabi/10.3.1/../../../../arm-none-eabi/lib/thumb/v7-m/nofp\libc_nano.a(lib_a-strtol.o)
 .text.strtol   0x0000000008006208       0x14 c:/st/stm32cubeide_1.10.0/stm32cubeide/plugins/com.st.stm32cube.ide.mcu.externaltools.gnu-tools-for-stm32.10.3-2021.10.win32_1.0.0.202111181127/tools/bin/../lib/gcc/arm-none-eabi/10.3.1/../../../../arm-none-eabi/lib/thumb/v7-m/nofp\libc_nano.a(lib_a-strtol.o)
                0x0000000008006208                strtol
 .text.__assert_func
                0x000000000800621c       0x3c c:/st/stm32cubeide_1.10.0/stm32cubeide/plugins/com.st.stm32cube.ide.mcu.externaltools.gnu-tools-for-stm32.10.3-2021.10.win32_1.0.0.202111181127/tools/bin/../lib/gcc/arm-none-eabi/10.3.1/../../../../arm-none-eabi/lib/thumb/v7-m/nofp\libc_nano.a(lib_a-assert.o)
                0x000000000800621c                __assert_func
 .text.fprintf  0x0000000008006258       0x24 c:/st/stm32cubeide_1.10.0/stm32cubeide/plugins/com.st.stm32cube.ide.mcu.externaltools.gnu-tools-for-stm32.10.3-2021.10.win32_1.0.0.202111181127/tools/bin/../lib/gcc/arm-none-eabi/10.3.1/../../../../arm-none-eabi/lib/thumb/v7-m/nofp\libc_nano.a(lib_a-fprintf.o)
                0x0000000008006258                fiprintf
                0x0000000008006258                fprintf
 .text.malloc   0x000000000800627c       0x10 c:/st/stm32cubeide_1.10.0/stm32cubeide/plugins/com.st.stm32cube.ide.mcu.externaltools.gnu-tools-for-stm32.10.3-2021.10.win32_1.0.0.202111181127/tools/bin/../lib/gcc/arm-none-eabi/10.3.1/../../../../arm-none-eabi/lib/thumb/v7-m/nofp\libc_nano.a(lib_a-malloc.o)
                0x000000000800627c                malloc
 .text._free_r  0x000000000800628c       0x90 c:/st/stm32cubeide_1.10.0/stm32cubeide/plugins/com.st.stm32cube.ide.mcu.externaltools.gnu-tools-for-stm32.10.3-2021.10.win32_1.0.0.202111181127/tools/bin/../lib/gcc/arm-none-eabi/10.3.1/../../../../arm-none-eabi/lib/thumb/v7-m/nofp\libc_nano.a(lib_a-nano-freer.o)
                0x000000000800628c                _free_r
 .text.sbrk_aligned
                0x000000000800631c       0x40 c:/st/stm32cubeide_1.10.0/stm32cubeide/plugins/com.st.stm32cube.ide.mcu.externaltools.gnu-tools-for-stm32.10.3-2021.10.win32_1.0.0.202111181127/tools/bin/../lib/gcc/arm-none-eabi/10.3.1/../../../../arm-none-eabi/lib/thumb/v7-m/nofp\libc_nano.a(lib_a-nano-mallocr.o)
 .text._malloc_r
                0x000000000800635c       0xe8 c:/st/stm32cubeide_1.10.0/stm32cubeide/plugins/com.st.stm32cube.ide.mcu.externaltools.gnu-tools-for-stm32.10.3-2021.10.win32_1.0.0.202111181127/tools/bin/../lib/gcc/arm-none-eabi/10.3.1/../../../../arm-none-eabi/lib/thumb/v7-m/nofp\libc_nano.a(lib_a-nano-mallocr.o)
                0x000000000800635c                _malloc_r
 .text.__sfputc_r
                0x0000000008006444       0x2a c:/st/stm32cubeide_1.10.0/stm32cubeide/plugins/com.st.stm32cube.ide.mcu.externaltools.gnu-tools-for-stm32.10.3-2021.10.win32_1.0.0.202111181127/tools/bin/../lib/gcc/arm-none-eabi/10.3.1/../../../../arm-none-eabi/lib/thumb/v7-m/nofp\libc_nano.a(lib_a-nano-vfprintf.o)
 .text.__sfputs_r
                0x000000000800646e       0x24 c:/st/stm32cubeide_1.10.0/stm32cubeide/plugins/com.st.stm32cube.ide.mcu.externaltools.gnu-tools-for-stm32.10.3-2021.10.win32_1.0.0.202111181127/tools/bin/../lib/gcc/arm-none-eabi/10.3.1/../../../../arm-none-eabi/lib/thumb/v7-m/nofp\libc_nano.a(lib_a-nano-vfprintf.o)
                0x000000000800646e                __sfputs_r
 *fill*         0x0000000008006492        0x2 
 .text._vfprintf_r
                0x0000000008006494      0x260 c:/st/stm32cubeide_1.10.0/stm32cubeide/plugins/com.st.stm32cube.ide.mcu.externaltools.gnu-tools-for-stm32.10.3-2021.10.win32_1.0.0.202111181127/tools/bin/../lib/gcc/arm-none-eabi/10.3.1/../../../../arm-none-eabi/lib/thumb/v7-m/nofp\libc_nano.a(lib_a-nano-vfprintf.o)
                0x0000000008006494                _vfprintf_r
                0x0000000008006494                _vfiprintf_r
 .text._printf_common
                0x00000000080066f4       0xde c:/st/stm32cubeide_1.10.0/stm32cubeide/plugins/com.st.stm32cube.ide.mcu.externaltools.gnu-tools-for-stm32.10.3-2021.10.win32_1.0.0.202111181127/tools/bin/../lib/gcc/arm-none-eabi/10.3.1/../../../../arm-none-eabi/lib/thumb/v7-m/nofp\libc_nano.a(lib_a-nano-vfprintf_i.o)
                0x00000000080066f4                _printf_common
 *fill*         0x00000000080067d2        0x2 
 .text._printf_i
                0x00000000080067d4      0x24c c:/st/stm32cubeide_1.10.0/stm32cubeide/plugins/com.st.stm32cube.ide.mcu.externaltools.gnu-tools-for-stm32.10.3-2021.10.win32_1.0.0.202111181127/tools/bin/../lib/gcc/arm-none-eabi/10.3.1/../../../../arm-none-eabi/lib/thumb/v7-m/nofp\libc_nano.a(lib_a-nano-vfprintf_i.o)
                0x00000000080067d4                _printf_i
 .text._sbrk_r  0x0000000008006a20       0x20 c:/st/stm32cubeide_1.10.0/stm32cubeide/plugins/com.st.stm32cube.ide.mcu.externaltools.gnu-tools-for-stm32.10.3-2021.10.win32_1.0.0.202111181127/tools/bin/../lib/gcc/arm-none-eabi/10.3.1/../../../../arm-none-eabi/lib/thumb/v7-m/nofp\libc_nano.a(lib_a-sbrkr.o)
                0x0000000008006a20                _sbrk_r
 .text.__swbuf_r
                0x0000000008006a40       0xa4 c:/st/stm32cubeide_1.10.0/stm32cubeide/plugins/com.st.stm32cube.ide.mcu.externaltools.gnu-tools-for-stm32.10.3-2021.10.win32_1.0.0.202111181127/tools/bin/../lib/gcc/arm-none-eabi/10.3.1/../../../../arm-none-eabi/lib/thumb/v7-m/nofp\libc_nano.a(lib_a-wbuf.o)
                0x0000000008006a40                __swbuf_r
 .text.__swsetup_r
                0x0000000008006ae4       0xdc c:/st/stm32cubeide_1.10.0/stm32cubeide/plugins/com.st.stm32cube.ide.mcu.externaltools.gnu-tools-for-stm32.10.3-2021.10.win32_1.0.0.202111181127/tools/bin/../lib/gcc/arm-none-eabi/10.3.1/../../../../arm-none-eabi/lib/thumb/v7-m/nofp\libc_nano.a(lib_a-wsetup.o)
                0x0000000008006ae4                __swsetup_r
 .text.abort    0x0000000008006bc0        0xe c:/st/stm32cubeide_1.10.0/stm32cubeide/plugins/com.st.stm32cube.ide.mcu.externaltools.gnu-tools-for-stm32.10.3-2021.10.win32_1.0.0.202111181127/tools/bin/../lib/gcc/arm-none-eabi/10.3.1/../../../../arm-none-eabi/lib/thumb/v7-m/nofp\libc_nano.a(lib_a-abort.o)
                0x0000000008006bc0                abort
 *fill*         0x0000000008006bce        0x2 
 .text.__sflush_r
                0x0000000008006bd0      0x104 c:/st/stm32cubeide_1.10.0/stm32cubeide/plugins/com.st.stm32cube.ide.mcu.externaltools.gnu-tools-for-stm32.10.3-2021.10.win32_1.0.0.202111181127/tools/bin/../lib/gcc/arm-none-eabi/10.3.1/../../../../arm-none-eabi/lib/thumb/v7-m/nofp\libc_nano.a(lib_a-fflush.o)
                0x0000000008006bd0                __sflush_r
 .text._fflush_r
                0x0000000008006cd4       0x78 c:/st/stm32cubeide_1.10.0/stm32cubeide/plugins/com.st.stm32cube.ide.mcu.externaltools.gnu-tools-for-stm32.10.3-2021.10.win32_1.0.0.202111181127/tools/bin/../lib/gcc/arm-none-eabi/10.3.1/../../../../arm-none-eabi/lib/thumb/v7-m/nofp\libc_nano.a(lib_a-fflush.o)
                0x0000000008006cd4                _fflush_r
 .text.std      0x0000000008006d4c       0x48 c:/st/stm32cubeide_1.10.0/stm32cubeide/plugins/com.st.stm32cube.ide.mcu.externaltools.gnu-tools-for-stm32.10.3-2021.10.win32_1.0.0.202111181127/tools/bin/../lib/gcc/arm-none-eabi/10.3.1/../../../../arm-none-eabi/lib/thumb/v7-m/nofp\libc_nano.a(lib_a-findfp.o)
 .text._cleanup_r
                0x0000000008006d94        0xc c:/st/stm32cubeide_1.10.0/stm32cubeide/plugins/com.st.stm32cube.ide.mcu.externaltools.gnu-tools-for-stm32.10.3-2021.10.win32_1.0.0.202111181127/tools/bin/../lib/gcc/arm-none-eabi/10.3.1/../../../../arm-none-eabi/lib/thumb/v7-m/nofp\libc_nano.a(lib_a-findfp.o)
                0x0000000008006d94                _cleanup_r
 .text.__sfmoreglue
                0x0000000008006da0       0x2c c:/st/stm32cubeide_1.10.0/stm32cubeide/plugins/com.st.stm32cube.ide.mcu.externaltools.gnu-tools-for-stm32.10.3-2021.10.win32_1.0.0.202111181127/tools/bin/../lib/gcc/arm-none-eabi/10.3.1/../../../../arm-none-eabi/lib/thumb/v7-m/nofp\libc_nano.a(lib_a-findfp.o)
                0x0000000008006da0                __sfmoreglue
 .text.__sfp_lock_acquire
                0x0000000008006dcc        0xc c:/st/stm32cubeide_1.10.0/stm32cubeide/plugins/com.st.stm32cube.ide.mcu.externaltools.gnu-tools-for-stm32.10.3-2021.10.win32_1.0.0.202111181127/tools/bin/../lib/gcc/arm-none-eabi/10.3.1/../../../../arm-none-eabi/lib/thumb/v7-m/nofp\libc_nano.a(lib_a-findfp.o)
                0x0000000008006dcc                __sfp_lock_acquire
 .text.__sfp_lock_release
                0x0000000008006dd8        0xc c:/st/stm32cubeide_1.10.0/stm32cubeide/plugins/com.st.stm32cube.ide.mcu.externaltools.gnu-tools-for-stm32.10.3-2021.10.win32_1.0.0.202111181127/tools/bin/../lib/gcc/arm-none-eabi/10.3.1/../../../../arm-none-eabi/lib/thumb/v7-m/nofp\libc_nano.a(lib_a-findfp.o)
                0x0000000008006dd8                __sfp_lock_release
 .text.__sinit_lock_acquire
                0x0000000008006de4        0xc c:/st/stm32cubeide_1.10.0/stm32cubeide/plugins/com.st.stm32cube.ide.mcu.externaltools.gnu-tools-for-stm32.10.3-2021.10.win32_1.0.0.202111181127/tools/bin/../lib/gcc/arm-none-eabi/10.3.1/../../../../arm-none-eabi/lib/thumb/v7-m/nofp\libc_nano.a(lib_a-findfp.o)
                0x0000000008006de4                __sinit_lock_acquire
 .text.__sinit_lock_release
                0x0000000008006df0        0xc c:/st/stm32cubeide_1.10.0/stm32cubeide/plugins/com.st.stm32cube.ide.mcu.externaltools.gnu-tools-for-stm32.10.3-2021.10.win32_1.0.0.202111181127/tools/bin/../lib/gcc/arm-none-eabi/10.3.1/../../../../arm-none-eabi/lib/thumb/v7-m/nofp\libc_nano.a(lib_a-findfp.o)
                0x0000000008006df0                __sinit_lock_release
 .text.__sinit  0x0000000008006dfc       0x70 c:/st/stm32cubeide_1.10.0/stm32cubeide/plugins/com.st.stm32cube.ide.mcu.externaltools.gnu-tools-for-stm32.10.3-2021.10.win32_1.0.0.202111181127/tools/bin/../lib/gcc/arm-none-eabi/10.3.1/../../../../arm-none-eabi/lib/thumb/v7-m/nofp\libc_nano.a(lib_a-findfp.o)
                0x0000000008006dfc                __sinit
 .text.__sfp    0x0000000008006e6c       0x8c c:/st/stm32cubeide_1.10.0/stm32cubeide/plugins/com.st.stm32cube.ide.mcu.externaltools.gnu-tools-for-stm32.10.3-2021.10.win32_1.0.0.202111181127/tools/bin/../lib/gcc/arm-none-eabi/10.3.1/../../../../arm-none-eabi/lib/thumb/v7-m/nofp\libc_nano.a(lib_a-findfp.o)
                0x0000000008006e6c                __sfp
 .text._fwalk_reent
                0x0000000008006ef8       0x3e c:/st/stm32cubeide_1.10.0/stm32cubeide/plugins/com.st.stm32cube.ide.mcu.externaltools.gnu-tools-for-stm32.10.3-2021.10.win32_1.0.0.202111181127/tools/bin/../lib/gcc/arm-none-eabi/10.3.1/../../../../arm-none-eabi/lib/thumb/v7-m/nofp\libc_nano.a(lib_a-fwalk.o)
                0x0000000008006ef8                _fwalk_reent
 .text.__retarget_lock_init_recursive
                0x0000000008006f36        0x2 c:/st/stm32cubeide_1.10.0/stm32cubeide/plugins/com.st.stm32cube.ide.mcu.externaltools.gnu-tools-for-stm32.10.3-2021.10.win32_1.0.0.202111181127/tools/bin/../lib/gcc/arm-none-eabi/10.3.1/../../../../arm-none-eabi/lib/thumb/v7-m/nofp\libc_nano.a(lib_a-lock.o)
                0x0000000008006f36                __retarget_lock_init_recursive
 .text.__retarget_lock_acquire_recursive
                0x0000000008006f38        0x2 c:/st/stm32cubeide_1.10.0/stm32cubeide/plugins/com.st.stm32cube.ide.mcu.externaltools.gnu-tools-for-stm32.10.3-2021.10.win32_1.0.0.202111181127/tools/bin/../lib/gcc/arm-none-eabi/10.3.1/../../../../arm-none-eabi/lib/thumb/v7-m/nofp\libc_nano.a(lib_a-lock.o)
                0x0000000008006f38                __retarget_lock_acquire_recursive
 .text.__retarget_lock_release_recursive
                0x0000000008006f3a        0x2 c:/st/stm32cubeide_1.10.0/stm32cubeide/plugins/com.st.stm32cube.ide.mcu.externaltools.gnu-tools-for-stm32.10.3-2021.10.win32_1.0.0.202111181127/tools/bin/../lib/gcc/arm-none-eabi/10.3.1/../../../../arm-none-eabi/lib/thumb/v7-m/nofp\libc_nano.a(lib_a-lock.o)
                0x0000000008006f3a                __retarget_lock_release_recursive
 .text.__swhatbuf_r
                0x0000000008006f3c       0x4a c:/st/stm32cubeide_1.10.0/stm32cubeide/plugins/com.st.stm32cube.ide.mcu.externaltools.gnu-tools-for-stm32.10.3-2021.10.win32_1.0.0.202111181127/tools/bin/../lib/gcc/arm-none-eabi/10.3.1/../../../../arm-none-eabi/lib/thumb/v7-m/nofp\libc_nano.a(lib_a-makebuf.o)
                0x0000000008006f3c                __swhatbuf_r
 *fill*         0x0000000008006f86        0x2 
 .text.__smakebuf_r
                0x0000000008006f88       0x80 c:/st/stm32cubeide_1.10.0/stm32cubeide/plugins/com.st.stm32cube.ide.mcu.externaltools.gnu-tools-for-stm32.10.3-2021.10.win32_1.0.0.202111181127/tools/bin/../lib/gcc/arm-none-eabi/10.3.1/../../../../arm-none-eabi/lib/thumb/v7-m/nofp\libc_nano.a(lib_a-makebuf.o)
                0x0000000008006f88                __smakebuf_r
 .text.memchr   0x0000000008007008       0x1c c:/st/stm32cubeide_1.10.0/stm32cubeide/plugins/com.st.stm32cube.ide.mcu.externaltools.gnu-tools-for-stm32.10.3-2021.10.win32_1.0.0.202111181127/tools/bin/../lib/gcc/arm-none-eabi/10.3.1/../../../../arm-none-eabi/lib/thumb/v7-m/nofp\libc_nano.a(lib_a-memchr-stub.o)
                0x0000000008007008                memchr
 .text.__malloc_lock
                0x0000000008007024        0xc c:/st/stm32cubeide_1.10.0/stm32cubeide/plugins/com.st.stm32cube.ide.mcu.externaltools.gnu-tools-for-stm32.10.3-2021.10.win32_1.0.0.202111181127/tools/bin/../lib/gcc/arm-none-eabi/10.3.1/../../../../arm-none-eabi/lib/thumb/v7-m/nofp\libc_nano.a(lib_a-mlock.o)
                0x0000000008007024                __malloc_lock
 .text.__malloc_unlock
                0x0000000008007030        0xc c:/st/stm32cubeide_1.10.0/stm32cubeide/plugins/com.st.stm32cube.ide.mcu.externaltools.gnu-tools-for-stm32.10.3-2021.10.win32_1.0.0.202111181127/tools/bin/../lib/gcc/arm-none-eabi/10.3.1/../../../../arm-none-eabi/lib/thumb/v7-m/nofp\libc_nano.a(lib_a-mlock.o)
                0x0000000008007030                __malloc_unlock
 .text._raise_r
                0x000000000800703c       0x50 c:/st/stm32cubeide_1.10.0/stm32cubeide/plugins/com.st.stm32cube.ide.mcu.externaltools.gnu-tools-for-stm32.10.3-2021.10.win32_1.0.0.202111181127/tools/bin/../lib/gcc/arm-none-eabi/10.3.1/../../../../arm-none-eabi/lib/thumb/v7-m/nofp\libc_nano.a(lib_a-signal.o)
                0x000000000800703c                _raise_r
 .text.raise    0x000000000800708c       0x10 c:/st/stm32cubeide_1.10.0/stm32cubeide/plugins/com.st.stm32cube.ide.mcu.externaltools.gnu-tools-for-stm32.10.3-2021.10.win32_1.0.0.202111181127/tools/bin/../lib/gcc/arm-none-eabi/10.3.1/../../../../arm-none-eabi/lib/thumb/v7-m/nofp\libc_nano.a(lib_a-signal.o)
                0x000000000800708c                raise
 .text._kill_r  0x000000000800709c       0x24 c:/st/stm32cubeide_1.10.0/stm32cubeide/plugins/com.st.stm32cube.ide.mcu.externaltools.gnu-tools-for-stm32.10.3-2021.10.win32_1.0.0.202111181127/tools/bin/../lib/gcc/arm-none-eabi/10.3.1/../../../../arm-none-eabi/lib/thumb/v7-m/nofp\libc_nano.a(lib_a-signalr.o)
                0x000000000800709c                _kill_r
 .text._getpid_r
                0x00000000080070c0        0x4 c:/st/stm32cubeide_1.10.0/stm32cubeide/plugins/com.st.stm32cube.ide.mcu.externaltools.gnu-tools-for-stm32.10.3-2021.10.win32_1.0.0.202111181127/tools/bin/../lib/gcc/arm-none-eabi/10.3.1/../../../../arm-none-eabi/lib/thumb/v7-m/nofp\libc_nano.a(lib_a-signalr.o)
                0x00000000080070c0                _getpid_r
 .text.__sread  0x00000000080070c4       0x22 c:/st/stm32cubeide_1.10.0/stm32cubeide/plugins/com.st.stm32cube.ide.mcu.externaltools.gnu-tools-for-stm32.10.3-2021.10.win32_1.0.0.202111181127/tools/bin/../lib/gcc/arm-none-eabi/10.3.1/../../../../arm-none-eabi/lib/thumb/v7-m/nofp\libc_nano.a(lib_a-stdio.o)
                0x00000000080070c4                __sread
 .text.__swrite
                0x00000000080070e6       0x38 c:/st/stm32cubeide_1.10.0/stm32cubeide/plugins/com.st.stm32cube.ide.mcu.externaltools.gnu-tools-for-stm32.10.3-2021.10.win32_1.0.0.202111181127/tools/bin/../lib/gcc/arm-none-eabi/10.3.1/../../../../arm-none-eabi/lib/thumb/v7-m/nofp\libc_nano.a(lib_a-stdio.o)
                0x00000000080070e6                __swrite
 .text.__sseek  0x000000000800711e       0x24 c:/st/stm32cubeide_1.10.0/stm32cubeide/plugins/com.st.stm32cube.ide.mcu.externaltools.gnu-tools-for-stm32.10.3-2021.10.win32_1.0.0.202111181127/tools/bin/../lib/gcc/arm-none-eabi/10.3.1/../../../../arm-none-eabi/lib/thumb/v7-m/nofp\libc_nano.a(lib_a-stdio.o)
                0x000000000800711e                __sseek
 .text.__sclose
                0x0000000008007142        0x8 c:/st/stm32cubeide_1.10.0/stm32cubeide/plugins/com.st.stm32cube.ide.mcu.externaltools.gnu-tools-for-stm32.10.3-2021.10.win32_1.0.0.202111181127/tools/bin/../lib/gcc/arm-none-eabi/10.3.1/../../../../arm-none-eabi/lib/thumb/v7-m/nofp\libc_nano.a(lib_a-stdio.o)
                0x0000000008007142                __sclose
 *fill*         0x000000000800714a        0x2 
 .text._write_r
                0x000000000800714c       0x24 c:/st/stm32cubeide_1.10.0/stm32cubeide/plugins/com.st.stm32cube.ide.mcu.externaltools.gnu-tools-for-stm32.10.3-2021.10.win32_1.0.0.202111181127/tools/bin/../lib/gcc/arm-none-eabi/10.3.1/../../../../arm-none-eabi/lib/thumb/v7-m/nofp\libc_nano.a(lib_a-writer.o)
                0x000000000800714c                _write_r
 .text._close_r
                0x0000000008007170       0x20 c:/st/stm32cubeide_1.10.0/stm32cubeide/plugins/com.st.stm32cube.ide.mcu.externaltools.gnu-tools-for-stm32.10.3-2021.10.win32_1.0.0.202111181127/tools/bin/../lib/gcc/arm-none-eabi/10.3.1/../../../../arm-none-eabi/lib/thumb/v7-m/nofp\libc_nano.a(lib_a-closer.o)
                0x0000000008007170                _close_r
 .text._fstat_r
                0x0000000008007190       0x24 c:/st/stm32cubeide_1.10.0/stm32cubeide/plugins/com.st.stm32cube.ide.mcu.externaltools.gnu-tools-for-stm32.10.3-2021.10.win32_1.0.0.202111181127/tools/bin/../lib/gcc/arm-none-eabi/10.3.1/../../../../arm-none-eabi/lib/thumb/v7-m/nofp\libc_nano.a(lib_a-fstatr.o)
                0x0000000008007190                _fstat_r
 .text._isatty_r
                0x00000000080071b4       0x20 c:/st/stm32cubeide_1.10.0/stm32cubeide/plugins/com.st.stm32cube.ide.mcu.externaltools.gnu-tools-for-stm32.10.3-2021.10.win32_1.0.0.202111181127/tools/bin/../lib/gcc/arm-none-eabi/10.3.1/../../../../arm-none-eabi/lib/thumb/v7-m/nofp\libc_nano.a(lib_a-isattyr.o)
                0x00000000080071b4                _isatty_r
 .text._lseek_r
                0x00000000080071d4       0x24 c:/st/stm32cubeide_1.10.0/stm32cubeide/plugins/com.st.stm32cube.ide.mcu.externaltools.gnu-tools-for-stm32.10.3-2021.10.win32_1.0.0.202111181127/tools/bin/../lib/gcc/arm-none-eabi/10.3.1/../../../../arm-none-eabi/lib/thumb/v7-m/nofp\libc_nano.a(lib_a-lseekr.o)
                0x00000000080071d4                _lseek_r
 .text._read_r  0x00000000080071f8       0x24 c:/st/stm32cubeide_1.10.0/stm32cubeide/plugins/com.st.stm32cube.ide.mcu.externaltools.gnu-tools-for-stm32.10.3-2021.10.win32_1.0.0.202111181127/tools/bin/../lib/gcc/arm-none-eabi/10.3.1/../../../../arm-none-eabi/lib/thumb/v7-m/nofp\libc_nano.a(lib_a-readr.o)
                0x00000000080071f8                _read_r
 *(.glue_7)
 .glue_7        0x000000000800721c        0x0 linker stubs
 *(.glue_7t)
 .glue_7t       0x000000000800721c        0x0 linker stubs
 *(.eh_frame)
 .eh_frame      0x000000000800721c        0x0 c:/st/stm32cubeide_1.10.0/stm32cubeide/plugins/com.st.stm32cube.ide.mcu.externaltools.gnu-tools-for-stm32.10.3-2021.10.win32_1.0.0.202111181127/tools/bin/../lib/gcc/arm-none-eabi/10.3.1/thumb/v7-m/nofp/crtbegin.o
 *(.init)
 .init          0x000000000800721c        0x4 c:/st/stm32cubeide_1.10.0/stm32cubeide/plugins/com.st.stm32cube.ide.mcu.externaltools.gnu-tools-for-stm32.10.3-2021.10.win32_1.0.0.202111181127/tools/bin/../lib/gcc/arm-none-eabi/10.3.1/thumb/v7-m/nofp/crti.o
                0x000000000800721c                _init
 .init          0x0000000008007220        0x8 c:/st/stm32cubeide_1.10.0/stm32cubeide/plugins/com.st.stm32cube.ide.mcu.externaltools.gnu-tools-for-stm32.10.3-2021.10.win32_1.0.0.202111181127/tools/bin/../lib/gcc/arm-none-eabi/10.3.1/thumb/v7-m/nofp/crtn.o
 *(.fini)
 .fini          0x0000000008007228        0x4 c:/st/stm32cubeide_1.10.0/stm32cubeide/plugins/com.st.stm32cube.ide.mcu.externaltools.gnu-tools-for-stm32.10.3-2021.10.win32_1.0.0.202111181127/tools/bin/../lib/gcc/arm-none-eabi/10.3.1/thumb/v7-m/nofp/crti.o
                0x0000000008007228                _fini
 .fini          0x000000000800722c        0x8 c:/st/stm32cubeide_1.10.0/stm32cubeide/plugins/com.st.stm32cube.ide.mcu.externaltools.gnu-tools-for-stm32.10.3-2021.10.win32_1.0.0.202111181127/tools/bin/../lib/gcc/arm-none-eabi/10.3.1/thumb/v7-m/nofp/crtn.o
                0x0000000008007234                . = ALIGN (0x4)
                0x0000000008007234                _etext = .

.vfp11_veneer   0x0000000008007234        0x0
 .vfp11_veneer  0x0000000008007234        0x0 linker stubs

.v4_bx          0x0000000008007234        0x0
 .v4_bx         0x0000000008007234        0x0 linker stubs

.iplt           0x0000000008007234        0x0
 .iplt          0x0000000008007234        0x0 c:/st/stm32cubeide_1.10.0/stm32cubeide/plugins/com.st.stm32cube.ide.mcu.externaltools.gnu-tools-for-stm32.10.3-2021.10.win32_1.0.0.202111181127/tools/bin/../lib/gcc/arm-none-eabi/10.3.1/thumb/v7-m/nofp/crtbegin.o

.rodata         0x0000000008007234      0x2c4
                0x0000000008007234                . = ALIGN (0x4)
 *(.rodata)
 .rodata        0x0000000008007234       0x13 ./Core/src/main.o
 *fill*         0x0000000008007247        0x1 
 .rodata        0x0000000008007248       0x18 ./LCD/src/LCD.o
 .rodata        0x0000000008007260       0x4f ./NFC/src/nfcpn532.o
 *(.rodata*)
 *fill*         0x00000000080072af        0x1 
 .rodata._global_impure_ptr
                0x00000000080072b0        0x4 c:/st/stm32cubeide_1.10.0/stm32cubeide/plugins/com.st.stm32cube.ide.mcu.externaltools.gnu-tools-for-stm32.10.3-2021.10.win32_1.0.0.202111181127/tools/bin/../lib/gcc/arm-none-eabi/10.3.1/../../../../arm-none-eabi/lib/thumb/v7-m/nofp\libc_nano.a(lib_a-impure.o)
                0x00000000080072b0                _global_impure_ptr
 .rodata.strtok.str1.1
                0x00000000080072b4       0x74 c:/st/stm32cubeide_1.10.0/stm32cubeide/plugins/com.st.stm32cube.ide.mcu.externaltools.gnu-tools-for-stm32.10.3-2021.10.win32_1.0.0.202111181127/tools/bin/../lib/gcc/arm-none-eabi/10.3.1/../../../../arm-none-eabi/lib/thumb/v7-m/nofp\libc_nano.a(lib_a-strtok.o)
 .rodata.__assert_func.str1.1
                0x0000000008007328       0x3c c:/st/stm32cubeide_1.10.0/stm32cubeide/plugins/com.st.stm32cube.ide.mcu.externaltools.gnu-tools-for-stm32.10.3-2021.10.win32_1.0.0.202111181127/tools/bin/../lib/gcc/arm-none-eabi/10.3.1/../../../../arm-none-eabi/lib/thumb/v7-m/nofp\libc_nano.a(lib_a-assert.o)
                                         0x3d (size before relaxing)
 .rodata._ctype_
                0x0000000008007364      0x101 c:/st/stm32cubeide_1.10.0/stm32cubeide/plugins/com.st.stm32cube.ide.mcu.externaltools.gnu-tools-for-stm32.10.3-2021.10.win32_1.0.0.202111181127/tools/bin/../lib/gcc/arm-none-eabi/10.3.1/../../../../arm-none-eabi/lib/thumb/v7-m/nofp\libc_nano.a(lib_a-ctype_.o)
                0x0000000008007364                _ctype_
 .rodata._vfprintf_r.str1.1
                0x0000000008007465       0x11 c:/st/stm32cubeide_1.10.0/stm32cubeide/plugins/com.st.stm32cube.ide.mcu.externaltools.gnu-tools-for-stm32.10.3-2021.10.win32_1.0.0.202111181127/tools/bin/../lib/gcc/arm-none-eabi/10.3.1/../../../../arm-none-eabi/lib/thumb/v7-m/nofp\libc_nano.a(lib_a-nano-vfprintf.o)
 .rodata._printf_i.str1.1
                0x0000000008007476       0x22 c:/st/stm32cubeide_1.10.0/stm32cubeide/plugins/com.st.stm32cube.ide.mcu.externaltools.gnu-tools-for-stm32.10.3-2021.10.win32_1.0.0.202111181127/tools/bin/../lib/gcc/arm-none-eabi/10.3.1/../../../../arm-none-eabi/lib/thumb/v7-m/nofp\libc_nano.a(lib_a-nano-vfprintf_i.o)
 .rodata.__sf_fake_stderr
                0x0000000008007498       0x20 c:/st/stm32cubeide_1.10.0/stm32cubeide/plugins/com.st.stm32cube.ide.mcu.externaltools.gnu-tools-for-stm32.10.3-2021.10.win32_1.0.0.202111181127/tools/bin/../lib/gcc/arm-none-eabi/10.3.1/../../../../arm-none-eabi/lib/thumb/v7-m/nofp\libc_nano.a(lib_a-findfp.o)
                0x0000000008007498                __sf_fake_stderr
 .rodata.__sf_fake_stdin
                0x00000000080074b8       0x20 c:/st/stm32cubeide_1.10.0/stm32cubeide/plugins/com.st.stm32cube.ide.mcu.externaltools.gnu-tools-for-stm32.10.3-2021.10.win32_1.0.0.202111181127/tools/bin/../lib/gcc/arm-none-eabi/10.3.1/../../../../arm-none-eabi/lib/thumb/v7-m/nofp\libc_nano.a(lib_a-findfp.o)
                0x00000000080074b8                __sf_fake_stdin
 .rodata.__sf_fake_stdout
                0x00000000080074d8       0x20 c:/st/stm32cubeide_1.10.0/stm32cubeide/plugins/com.st.stm32cube.ide.mcu.externaltools.gnu-tools-for-stm32.10.3-2021.10.win32_1.0.0.202111181127/tools/bin/../lib/gcc/arm-none-eabi/10.3.1/../../../../arm-none-eabi/lib/thumb/v7-m/nofp\libc_nano.a(lib_a-findfp.o)
                0x00000000080074d8                __sf_fake_stdout
                0x00000000080074f8                . = ALIGN (0x4)

.rel.dyn        0x00000000080074f8        0x0
 .rel.iplt      0x00000000080074f8        0x0 c:/st/stm32cubeide_1.10.0/stm32cubeide/plugins/com.st.stm32cube.ide.mcu.externaltools.gnu-tools-for-stm32.10.3-2021.10.win32_1.0.0.202111181127/tools/bin/../lib/gcc/arm-none-eabi/10.3.1/thumb/v7-m/nofp/crtbegin.o

.ARM.extab      0x00000000080074f8        0x0
                0x00000000080074f8                . = ALIGN (0x4)
 *(.ARM.extab* .gnu.linkonce.armextab.*)
                0x00000000080074f8                . = ALIGN (0x4)

.ARM            0x00000000080074f8        0x0
                0x00000000080074f8                . = ALIGN (0x4)
                0x00000000080074f8                __exidx_start = .
 *(.ARM.exidx*)
                0x00000000080074f8                __exidx_end = .
                0x00000000080074f8                . = ALIGN (0x4)

.preinit_array  0x00000000080074f8        0x0
                0x00000000080074f8                . = ALIGN (0x4)
                0x00000000080074f8                PROVIDE (__preinit_array_start = .)
 *(.preinit_array*)
                0x00000000080074f8                PROVIDE (__preinit_array_end = .)
                0x00000000080074f8                . = ALIGN (0x4)

.init_array     0x00000000080074f8        0x4
                0x00000000080074f8                . = ALIGN (0x4)
                0x00000000080074f8                PROVIDE (__init_array_start = .)
 *(SORT_BY_NAME(.init_array.*))
 *(.init_array*)
 .init_array    0x00000000080074f8        0x4 c:/st/stm32cubeide_1.10.0/stm32cubeide/plugins/com.st.stm32cube.ide.mcu.externaltools.gnu-tools-for-stm32.10.3-2021.10.win32_1.0.0.202111181127/tools/bin/../lib/gcc/arm-none-eabi/10.3.1/thumb/v7-m/nofp/crtbegin.o
                0x00000000080074fc                PROVIDE (__init_array_end = .)
                0x00000000080074fc                . = ALIGN (0x4)

.fini_array     0x00000000080074fc        0x4
                0x00000000080074fc                . = ALIGN (0x4)
                [!provide]                        PROVIDE (__fini_array_start = .)
 *(SORT_BY_NAME(.fini_array.*))
 *(.fini_array*)
 .fini_array    0x00000000080074fc        0x4 c:/st/stm32cubeide_1.10.0/stm32cubeide/plugins/com.st.stm32cube.ide.mcu.externaltools.gnu-tools-for-stm32.10.3-2021.10.win32_1.0.0.202111181127/tools/bin/../lib/gcc/arm-none-eabi/10.3.1/thumb/v7-m/nofp/crtbegin.o
                [!provide]                        PROVIDE (__fini_array_end = .)
                0x0000000008007500                . = ALIGN (0x4)
                0x0000000008007500                _sidata = LOADADDR (.data)

.data           0x0000000020000000      0x47c load address 0x0000000008007500
                0x0000000020000000                . = ALIGN (0x4)
                0x0000000020000000                _sdata = .
 *(.data)
 *(.data*)
 .data.cmd_Version
                0x0000000020000000        0xc ./Core/src/main.o
                0x0000000020000000                cmd_Version
 .data.uidhex2pc4b
                0x000000002000000c       0x14 ./Core/src/main.o
                0x000000002000000c                uidhex2pc4b
 .data.uidnfcwrdara
                0x0000000020000020        0x8 ./Core/src/main.o
                0x0000000020000020                uidnfcwrdara
 .data.s_lcd_hello
                0x0000000020000028        0x9 ./Core/src/main.o
 *fill*         0x0000000020000031        0x3 
 .data.s_lcd_scanner_rdy
                0x0000000020000034        0x9 ./Core/src/main.o
 *fill*         0x000000002000003d        0x3 
 .data.s_lcd_scanner
                0x0000000020000040       0x16 ./Core/src/main.o
 *fill*         0x0000000020000056        0x2 
 .data.s_lcd_ok
                0x0000000020000058        0x9 ./Core/src/main.o
 *fill*         0x0000000020000061        0x3 
 .data.s_lcd_ready
                0x0000000020000064        0x9 ./Core/src/main.o
 *fill*         0x000000002000006d        0x3 
 .data.s_lcd_nfc_err
                0x0000000020000070       0x1b ./Core/src/main.o
 *fill*         0x000000002000008b        0x1 
 .data.s_lcd_bar_err
                0x000000002000008c       0x25 ./Core/src/main.o
 *fill*         0x00000000200000b1        0x3 
 .data.s_lcd_clrstr
                0x00000000200000b4       0x14 ./Core/src/main.o
 .data.s_lcd_wrnfc
                0x00000000200000c8        0xa ./Core/src/main.o
 *fill*         0x00000000200000d2        0x2 
 .data.s_lcd_barcode_read
                0x00000000200000d4        0xa ./Core/src/main.o
 *fill*         0x00000000200000de        0x2 
 .data.s_lcd_nfc_read
                0x00000000200000e0        0x6 ./Core/src/main.o
 *fill*         0x00000000200000e6        0x2 
 .data.s_pc_hello
                0x00000000200000e8        0x9 ./Core/src/main.o
 *fill*         0x00000000200000f1        0x3 
 .data.s_pc_scanner
                0x00000000200000f4       0x1b ./Core/src/main.o
 *fill*         0x000000002000010f        0x1 
 .data.s_pc_scanner_ready
                0x0000000020000110       0x21 ./Core/src/main.o
 *fill*         0x0000000020000131        0x3 
 .data.s_pc_test
                0x0000000020000134       0x16 ./Core/src/main.o
 *fill*         0x000000002000014a        0x2 
 .data.s_pc_barcode
                0x000000002000014c       0x1b ./Core/src/main.o
 *fill*         0x0000000020000167        0x1 
 .data.s_newline
                0x0000000020000168        0x2 ./Core/src/main.o
 *fill*         0x000000002000016a        0x2 
 .data.s_pn_foundcard
                0x000000002000016c       0x12 ./Core/src/main.o
 *fill*         0x000000002000017e        0x2 
 .data.s_pn_uidlength
                0x0000000020000180       0x15 ./Core/src/main.o
 *fill*         0x0000000020000195        0x3 
 .data.s_pn_uidvalue
                0x0000000020000198       0x12 ./Core/src/main.o
 *fill*         0x00000000200001aa        0x2 
 .data.s_pn_uidlengthdata
                0x00000000200001ac        0x4 ./Core/src/main.o
 .data.s_pn_uiddecdata
                0x00000000200001b0        0xb ./Core/src/main.o
 *fill*         0x00000000200001bb        0x1 
 .data.s_pn_uiddecvalue
                0x00000000200001bc       0x12 ./Core/src/main.o
 *fill*         0x00000000200001ce        0x2 
 .data.s_space  0x00000000200001d0        0x1 ./Core/src/main.o
 *fill*         0x00000000200001d1        0x3 
 .data.s_pn_point
                0x00000000200001d4        0x1 ./Core/src/main.o
 *fill*         0x00000000200001d5        0x3 
 .data.s_pn_newline
                0x00000000200001d8        0x2 ./Core/src/main.o
 *fill*         0x00000000200001da        0x2 
 .data.s_pn_nchip
                0x00000000200001dc        0x2 ./Core/src/main.o
                0x00000000200001dc                s_pn_nchip
 *fill*         0x00000000200001de        0x2 
 .data.s_pn_fw1nchip
                0x00000000200001e0        0x3 ./Core/src/main.o
                0x00000000200001e0                s_pn_fw1nchip
 *fill*         0x00000000200001e3        0x1 
 .data.s_pn_fw2nchip
                0x00000000200001e4        0x3 ./Core/src/main.o
                0x00000000200001e4                s_pn_fw2nchip
 *fill*         0x00000000200001e7        0x1 
 .data.s_pn_suchip
                0x00000000200001e8        0x2 ./Core/src/main.o
                0x00000000200001e8                s_pn_suchip
 *fill*         0x00000000200001ea        0x2 
 .data.s_pn_fchip
                0x00000000200001ec        0xd ./Core/src/main.o
 *fill*         0x00000000200001f9        0x3 
 .data.s_pn_wfchip
                0x00000000200001fc        0xf ./Core/src/main.o
 *fill*         0x000000002000020b        0x1 
 .data.s_pn_suppchip
                0x000000002000020c        0xa ./Core/src/main.o
 *fill*         0x0000000020000216        0x2 
 .data.b_bounce_value
                0x0000000020000218        0x6 ./Core/src/main.o
                0x0000000020000218                b_bounce_value
 *fill*         0x000000002000021e        0x2 
 .data.s_cal_data
                0x0000000020000220       0x15 ./Core/src/main.o
 *fill*         0x0000000020000235        0x3 
 .data.s_pc_PN532_info1
                0x0000000020000238       0x1b ./Core/src/main.o
 *fill*         0x0000000020000253        0x1 
 .data.s_pc_PN532_info2
                0x0000000020000254       0x1c ./Core/src/main.o
 .data.s_pc_PN532_err1
                0x0000000020000270       0x21 ./Core/src/main.o
 *fill*         0x0000000020000291        0x3 
 .data.s_pc_PN532_err2
                0x0000000020000294       0x1a ./Core/src/main.o
 *fill*         0x00000000200002ae        0x2 
 .data.s_pc_PN532_err3
                0x00000000200002b0       0x28 ./Core/src/main.o
 .data.s_pc_PN532_err4
                0x00000000200002d8       0x1a ./Core/src/main.o
 *fill*         0x00000000200002f2        0x2 
 .data.DataHex2pc
                0x00000000200002f4       0x2f ./Core/src/main.o
                0x00000000200002f4                DataHex2pc
 *fill*         0x0000000020000323        0x1 
 .data.s_pn_data_block0
                0x0000000020000324       0x14 ./Core/src/main.o
 .data.timer    0x0000000020000338        0x4 ./Core/src/main.o
                0x0000000020000338                timer
 .data.android_no_cmd_error
                0x000000002000033c       0x12 ./Core/src/main.o
 *fill*         0x000000002000034e        0x2 
 .data.android_no_such_cmd
                0x0000000020000350        0xc ./Core/src/main.o
 .data.android_wron_cmd_form
                0x000000002000035c       0x11 ./Core/src/main.o
 *fill*         0x000000002000036d        0x3 
 .data.incorrect_rtc_year
                0x0000000020000370        0xf ./Core/src/main.o
 *fill*         0x000000002000037f        0x1 
 .data.incorrect_rtc_mon
                0x0000000020000380       0x10 ./Core/src/main.o
 .data.incorrect_rtc_day
                0x0000000020000390        0xe ./Core/src/main.o
 *fill*         0x000000002000039e        0x2 
 .data.android_last_barcode
                0x00000000200003a0       0x1c ./Core/src/main.o
 .data.android_last_nfc
                0x00000000200003bc       0x1c ./Core/src/main.o
 .data.android_last_5records
                0x00000000200003d8       0x1e ./Core/src/main.o
 .data.CMD      0x00000000200003f6        0x1 ./Core/src/main.o
                0x00000000200003f6                CMD
 *fill*         0x00000000200003f7        0x1 
 .data.g_arInitDisplayCommands
                0x00000000200003f8        0xc ./LCD/src/LCD.o
 .data.APBAHBPrescTable
                0x0000000020000404       0x10 ./SPL/src/stm32f10x_rcc.o
 .data.ADCPrescTable
                0x0000000020000414        0x4 ./SPL/src/stm32f10x_rcc.o
 .data._impure_ptr
                0x0000000020000418        0x4 c:/st/stm32cubeide_1.10.0/stm32cubeide/plugins/com.st.stm32cube.ide.mcu.externaltools.gnu-tools-for-stm32.10.3-2021.10.win32_1.0.0.202111181127/tools/bin/../lib/gcc/arm-none-eabi/10.3.1/../../../../arm-none-eabi/lib/thumb/v7-m/nofp\libc_nano.a(lib_a-impure.o)
                0x0000000020000418                _impure_ptr
 .data.impure_data
                0x000000002000041c       0x60 c:/st/stm32cubeide_1.10.0/stm32cubeide/plugins/com.st.stm32cube.ide.mcu.externaltools.gnu-tools-for-stm32.10.3-2021.10.win32_1.0.0.202111181127/tools/bin/../lib/gcc/arm-none-eabi/10.3.1/../../../../arm-none-eabi/lib/thumb/v7-m/nofp\libc_nano.a(lib_a-impure.o)
 *(.RamFunc)
 *(.RamFunc*)
                0x000000002000047c                . = ALIGN (0x4)
                0x000000002000047c                _edata = .

.igot.plt       0x000000002000047c        0x0 load address 0x000000000800797c
 .igot.plt      0x000000002000047c        0x0 c:/st/stm32cubeide_1.10.0/stm32cubeide/plugins/com.st.stm32cube.ide.mcu.externaltools.gnu-tools-for-stm32.10.3-2021.10.win32_1.0.0.202111181127/tools/bin/../lib/gcc/arm-none-eabi/10.3.1/thumb/v7-m/nofp/crtbegin.o
                0x000000002000047c                . = ALIGN (0x4)

.bss            0x0000000020000480      0x8b0 load address 0x000000000800797c
                0x0000000020000480                _sbss = .
                0x0000000020000480                __bss_start__ = _sbss
 *(.bss)
 .bss           0x0000000020000480       0x1c c:/st/stm32cubeide_1.10.0/stm32cubeide/plugins/com.st.stm32cube.ide.mcu.externaltools.gnu-tools-for-stm32.10.3-2021.10.win32_1.0.0.202111181127/tools/bin/../lib/gcc/arm-none-eabi/10.3.1/thumb/v7-m/nofp/crtbegin.o
 *(.bss*)
 .bss.g_sSum    0x000000002000049c        0x9 ./Core/src/main.o
                0x000000002000049c                g_sSum
 *fill*         0x00000000200004a5        0x3 
 .bss.TimingDelay
                0x00000000200004a8        0x4 ./Core/src/main.o
                0x00000000200004a8                TimingDelay
 .bss.RCC_Clocks
                0x00000000200004ac       0x14 ./Core/src/main.o
                0x00000000200004ac                RCC_Clocks
 .bss.g_sBuffer
                0x00000000200004c0       0x81 ./Core/src/main.o
                0x00000000200004c0                g_sBuffer
 *fill*         0x0000000020000541        0x3 
 .bss.g_iBufferLength
                0x0000000020000544        0x4 ./Core/src/main.o
                0x0000000020000544                g_iBufferLength
 .bss.g_sBarCode
                0x0000000020000548       0x1b ./Core/src/main.o
 *fill*         0x0000000020000563        0x1 
 .bss.g_sNfcCode
                0x0000000020000564       0x1b ./Core/src/main.o
 .bss.btnpress  0x000000002000057f        0x1 ./Core/src/main.o
                0x000000002000057f                btnpress
 .bss.b_getversion
                0x0000000020000580        0x1 ./Core/src/main.o
                0x0000000020000580                b_getversion
 *fill*         0x0000000020000581        0x3 
 .bss.date_sBuffer
                0x0000000020000584       0x81 ./Core/src/main.o
                0x0000000020000584                date_sBuffer
 *fill*         0x0000000020000605        0x3 
 .bss.date_iBufferLength
                0x0000000020000608        0x4 ./Core/src/main.o
                0x0000000020000608                date_iBufferLength
 .bss.test_buffer
                0x000000002000060c       0x81 ./Core/src/main.o
                0x000000002000060c                test_buffer
 .bss.nfc_cntcomand
                0x000000002000068d        0x1 ./Core/src/main.o
                0x000000002000068d                nfc_cntcomand
 .bss.b_wakeup  0x000000002000068e        0x1 ./Core/src/main.o
                0x000000002000068e                b_wakeup
 .bss.b_samconfig
                0x000000002000068f        0x1 ./Core/src/main.o
                0x000000002000068f                b_samconfig
 .bss.b_rertyes
                0x0000000020000690        0x1 ./Core/src/main.o
                0x0000000020000690                b_rertyes
 .bss.b_discannfc
                0x0000000020000691        0x1 ./Core/src/main.o
                0x0000000020000691                b_discannfc
 .bss.success   0x0000000020000692        0x1 ./Core/src/main.o
                0x0000000020000692                success
 .bss.b_hextostr
                0x0000000020000693        0x1 ./Core/src/main.o
                0x0000000020000693                b_hextostr
 .bss.uid       0x0000000020000694        0x7 ./Core/src/main.o
                0x0000000020000694                uid
 .bss.u8_cntchar
                0x000000002000069b        0x1 ./Core/src/main.o
                0x000000002000069b                u8_cntchar
 .bss.u8_cntindex
                0x000000002000069c        0x1 ./Core/src/main.o
                0x000000002000069c                u8_cntindex
 *fill*         0x000000002000069d        0x3 
 .bss.outwrdata
                0x00000000200006a0        0x4 ./Core/src/main.o
                0x00000000200006a0                outwrdata
 .bss.uidLength
                0x00000000200006a4        0x1 ./Core/src/main.o
                0x00000000200006a4                uidLength
 *fill*         0x00000000200006a5        0x3 
 .bss.decuid    0x00000000200006a8        0x4 ./Core/src/main.o
                0x00000000200006a8                decuid
 .bss.cntlooppn532
                0x00000000200006ac        0x4 ./Core/src/main.o
                0x00000000200006ac                cntlooppn532
 .bss.b_1secflg
                0x00000000200006b0        0x1 ./Core/src/main.o
                0x00000000200006b0                b_1secflg
 *fill*         0x00000000200006b1        0x1 
 .bss.cnttimer30sec
                0x00000000200006b2        0x2 ./Core/src/main.o
                0x00000000200006b2                cnttimer30sec
 .bss.cnttimer1sec
                0x00000000200006b4        0x2 ./Core/src/main.o
                0x00000000200006b4                cnttimer1sec
 .bss.cnttimer1
                0x00000000200006b6        0x2 ./Core/src/main.o
                0x00000000200006b6                cnttimer1
 .bss.previousState
                0x00000000200006b8        0x1 ./Core/src/main.o
                0x00000000200006b8                previousState
 .bss.u8_btnstate
                0x00000000200006b9        0x1 ./Core/src/main.o
                0x00000000200006b9                u8_btnstate
 .bss.timer1data
                0x00000000200006ba        0x2 ./Core/src/main.o
                0x00000000200006ba                timer1data
 .bss.testtimer1
                0x00000000200006bc        0x2 ./Core/src/main.o
                0x00000000200006bc                testtimer1
 .bss.timer1flag
                0x00000000200006be        0x1 ./Core/src/main.o
                0x00000000200006be                timer1flag
 .bss.u8_wrnfcstatus
                0x00000000200006bf        0x1 ./Core/src/main.o
                0x00000000200006bf                u8_wrnfcstatus
 .bss.b_wrstr1  0x00000000200006c0        0x1 ./Core/src/main.o
                0x00000000200006c0                b_wrstr1
 .bss.pn532_rd_stat
                0x00000000200006c1        0x1 ./Core/src/main.o
                0x00000000200006c1                pn532_rd_stat
 .bss.pn532_wr_stat
                0x00000000200006c2        0x1 ./Core/src/main.o
                0x00000000200006c2                pn532_wr_stat
 .bss.pn_chip   0x00000000200006c3        0x1 ./Core/src/main.o
                0x00000000200006c3                pn_chip
 .bss.pn_fw1chip
                0x00000000200006c4        0x1 ./Core/src/main.o
                0x00000000200006c4                pn_fw1chip
 .bss.pn_fw2chip
                0x00000000200006c5        0x1 ./Core/src/main.o
                0x00000000200006c5                pn_fw2chip
 .bss.pn_suppchip
                0x00000000200006c6        0x1 ./Core/src/main.o
                0x00000000200006c6                pn_suppchip
 *fill*         0x00000000200006c7        0x1 
 .bss.s_pn_info
                0x00000000200006c8       0x80 ./Core/src/main.o
                0x00000000200006c8                s_pn_info
 .bss.s_bar_info
                0x0000000020000748       0x80 ./Core/src/main.o
                0x0000000020000748                s_bar_info
 .bss.statusDevice
                0x00000000200007c8        0x1 ./Core/src/main.o
                0x00000000200007c8                statusDevice
 *fill*         0x00000000200007c9        0x3 
 .bss.rdDataBlock
                0x00000000200007cc       0x10 ./Core/src/main.o
                0x00000000200007cc                rdDataBlock
 .bss.s_scan_d_c
                0x00000000200007dc       0x40 ./Core/src/main.o
 .bss.s_nfc_tag_date
                0x000000002000081c       0x40 ./Core/src/main.o
 .bss.tim       0x000000002000085c        0x4 ./Core/src/main.o
                0x000000002000085c                tim
 .bss.NUM_CMD   0x0000000020000860        0x4 ./Core/src/main.o
                0x0000000020000860                NUM_CMD
 .bss.erase_addr
                0x0000000020000864        0x4 ./Core/src/main.o
                0x0000000020000864                erase_addr
 .bss.cnt_flash_t
                0x0000000020000868        0x1 ./Core/src/main.o
                0x0000000020000868                cnt_flash_t
 *fill*         0x0000000020000869        0x7 
 .bss.bcdflash  0x0000000020000870        0x8 ./Core/src/main.o
                0x0000000020000870                bcdflash
 .bss.bcd_addr_start
                0x0000000020000878        0x4 ./Core/src/main.o
                0x0000000020000878                bcd_addr_start
 .bss.bcd_max_cnt_addr
                0x000000002000087c        0x4 ./Core/src/main.o
                0x000000002000087c                bcd_max_cnt_addr
 .bss.bcd_cnt_addr_start
                0x0000000020000880        0x4 ./Core/src/main.o
                0x0000000020000880                bcd_cnt_addr_start
 .bss.nfc_addr_start
                0x0000000020000884        0x4 ./Core/src/main.o
                0x0000000020000884                nfc_addr_start
 .bss.nfc_max_cnt_addr
                0x0000000020000888        0x4 ./Core/src/main.o
                0x0000000020000888                nfc_max_cnt_addr
 .bss.nfc_cnt_addr_start
                0x000000002000088c        0x4 ./Core/src/main.o
                0x000000002000088c                nfc_cnt_addr_start
 .bss.cnt_addr_2Flash
                0x0000000020000890        0x1 ./Core/src/main.o
                0x0000000020000890                cnt_addr_2Flash
 .bss.cnt_4cnt  0x0000000020000891        0x1 ./Core/src/main.o
                0x0000000020000891                cnt_4cnt
 .bss.val_max_cnt
                0x0000000020000892        0x1 ./Core/src/main.o
                0x0000000020000892                val_max_cnt
 .bss.val_start_cnt
                0x0000000020000893        0x1 ./Core/src/main.o
                0x0000000020000893                val_start_cnt
 .bss.bar_flash_addr
                0x0000000020000894        0x4 ./Core/src/main.o
                0x0000000020000894                bar_flash_addr
 .bss.nfc_flash_addr
                0x0000000020000898        0x4 ./Core/src/main.o
                0x0000000020000898                nfc_flash_addr
 *fill*         0x000000002000089c        0x4 
 .bss.bcode     0x00000000200008a0        0x8 ./Core/src/perif.o
                0x00000000200008a0                bcode
 .bss.barcode   0x00000000200008a8       0x40 ./Core/src/perif.o
                0x00000000200008a8                barcode
 .bss.data_to_flash
                0x00000000200008e8       0x10 ./Core/src/perif.o
                0x00000000200008e8                data_to_flash
 .bss.rd_test_buff
                0x00000000200008f8      0x100 ./Core/src/perif.o
                0x00000000200008f8                rd_test_buff
 .bss.NVIC_InitTmr1Structure
                0x00000000200009f8        0x4 ./Core/src/perif.o
                0x00000000200009f8                NVIC_InitTmr1Structure
 .bss.EXTI_InitExtiStruct
                0x00000000200009fc        0x8 ./Core/src/perif.o
                0x00000000200009fc                EXTI_InitExtiStruct
 .bss.NVIC_InitExtiStruct
                0x0000000020000a04        0x4 ./Core/src/perif.o
                0x0000000020000a04                NVIC_InitExtiStruct
 .bss.tick      0x0000000020000a08        0x4 ./Core/src/startup.o
                0x0000000020000a08                tick
 .bss.tick.13   0x0000000020000a0c        0x4 ./LCD/src/LCD.o
 .bss.strFrameIndex.12
                0x0000000020000a10        0x1 ./LCD/src/LCD.o
 *fill*         0x0000000020000a11        0x3 
 .bss.runStr1.11
                0x0000000020000a14       0x75 ./LCD/src/LCD.o
 *fill*         0x0000000020000a89        0x3 
 .bss.runStr2.10
                0x0000000020000a8c       0x75 ./LCD/src/LCD.o
 .bss.runStr1Len.9
                0x0000000020000b01        0x1 ./LCD/src/LCD.o
 .bss.runStr2Len.8
                0x0000000020000b02        0x1 ./LCD/src/LCD.o
 *fill*         0x0000000020000b03        0x1 
 .bss.tick.7    0x0000000020000b04        0x4 ./LCD/src/LCD.o
 .bss.strFrameIndex.6
                0x0000000020000b08        0x1 ./LCD/src/LCD.o
 *fill*         0x0000000020000b09        0x3 
 .bss.runStr.5  0x0000000020000b0c       0x2b ./LCD/src/LCD.o
 .bss.runStrLen.4
                0x0000000020000b37        0x1 ./LCD/src/LCD.o
 .bss.tick.3    0x0000000020000b38        0x4 ./LCD/src/LCD.o
 .bss.strFrameIndex.2
                0x0000000020000b3c        0x1 ./LCD/src/LCD.o
 *fill*         0x0000000020000b3d        0x3 
 .bss.runStr.1  0x0000000020000b40       0x2b ./LCD/src/LCD.o
 .bss.runStrLen.0
                0x0000000020000b6b        0x1 ./LCD/src/LCD.o
 .bss.replybuff
                0x0000000020000b6c       0x14 ./NFC/src/nfcpn532.o
                0x0000000020000b6c                replybuff
 .bss.rl        0x0000000020000b80        0x1 ./NFC/src/nfcpn532.o
                0x0000000020000b80                rl
 *fill*         0x0000000020000b81        0x3 
 .bss.pn532_packetbuffer
                0x0000000020000b84       0x40 ./NFC/src/nfcpn532.o
                0x0000000020000b84                pn532_packetbuffer
 .bss.pn532_readbuffer
                0x0000000020000bc4       0x40 ./NFC/src/nfcpn532.o
                0x0000000020000bc4                pn532_readbuffer
 .bss._uid      0x0000000020000c04        0x7 ./NFC/src/nfcpn532.o
                0x0000000020000c04                _uid
 .bss._uidLen   0x0000000020000c0b        0x1 ./NFC/src/nfcpn532.o
                0x0000000020000c0b                _uidLen
 .bss._key      0x0000000020000c0c        0x6 ./NFC/src/nfcpn532.o
                0x0000000020000c0c                _key
 *fill*         0x0000000020000c12        0x2 
 .bss.pBufTx    0x0000000020000c14        0x4 ./SPI/src/spi.o
 .bss.pBufRx    0x0000000020000c18        0x4 ./SPI/src/spi.o
 .bss.usBufPosRx
                0x0000000020000c1c        0x2 ./SPI/src/spi.o
 .bss.usBufPosTx
                0x0000000020000c1e        0x2 ./SPI/src/spi.o
 .bss.usBufCnt  0x0000000020000c20        0x2 ./SPI/src/spi.o
 .bss.SpiActive
                0x0000000020000c22        0x1 ./SPI/src/spi.o
                0x0000000020000c22                SpiActive
 *fill*         0x0000000020000c23        0x1 
 .bss.a_buf_tx  0x0000000020000c24        0x8 ./SPI/src/spiFlash.o
 .bss.a_buf_rx  0x0000000020000c2c        0x8 ./SPI/src/spiFlash.o
 .bss.a_buf_len
                0x0000000020000c34        0x4 ./SPI/src/spiFlash.o
 .bss.buf_txrx  0x0000000020000c38        0x6 ./SPI/src/spiFlash.o
 .bss.cntbyteversion
                0x0000000020000c3e        0x1 ./USART/src/usart.o
                0x0000000020000c3e                cntbyteversion
 *fill*         0x0000000020000c3f        0x1 
 .bss.ScanerVersion
                0x0000000020000c40       0x47 ./USART/src/usart.o
                0x0000000020000c40                ScanerVersion
 *fill*         0x0000000020000c87        0x1 
 .bss.date_InputQueue
                0x0000000020000c88       0x40 ./USART/src/usart.o
                0x0000000020000c88                date_InputQueue
 .bss.date_iBegin
                0x0000000020000cc8        0x4 ./USART/src/usart.o
 .bss.date_iEnd
                0x0000000020000ccc        0x4 ./USART/src/usart.o
 .bss.g_aInputQueue
                0x0000000020000cd0       0x40 ./USART/src/usart.o
                0x0000000020000cd0                g_aInputQueue
 .bss.g_iBegin  0x0000000020000d10        0x4 ./USART/src/usart.o
 .bss.g_iEnd    0x0000000020000d14        0x4 ./USART/src/usart.o
 .bss.flag_usart
                0x0000000020000d18        0x4 ./USART/src/usart.o
                0x0000000020000d18                flag_usart
 .bss.heap_end.0
                0x0000000020000d1c        0x4 ./sysmem.o
 .bss.__malloc_free_list
                0x0000000020000d20        0x4 c:/st/stm32cubeide_1.10.0/stm32cubeide/plugins/com.st.stm32cube.ide.mcu.externaltools.gnu-tools-for-stm32.10.3-2021.10.win32_1.0.0.202111181127/tools/bin/../lib/gcc/arm-none-eabi/10.3.1/../../../../arm-none-eabi/lib/thumb/v7-m/nofp\libc_nano.a(lib_a-nano-mallocr.o)
                0x0000000020000d20                __malloc_free_list
 .bss.__malloc_sbrk_start
                0x0000000020000d24        0x4 c:/st/stm32cubeide_1.10.0/stm32cubeide/plugins/com.st.stm32cube.ide.mcu.externaltools.gnu-tools-for-stm32.10.3-2021.10.win32_1.0.0.202111181127/tools/bin/../lib/gcc/arm-none-eabi/10.3.1/../../../../arm-none-eabi/lib/thumb/v7-m/nofp\libc_nano.a(lib_a-nano-mallocr.o)
                0x0000000020000d24                __malloc_sbrk_start
 .bss.__lock___malloc_recursive_mutex
                0x0000000020000d28        0x1 c:/st/stm32cubeide_1.10.0/stm32cubeide/plugins/com.st.stm32cube.ide.mcu.externaltools.gnu-tools-for-stm32.10.3-2021.10.win32_1.0.0.202111181127/tools/bin/../lib/gcc/arm-none-eabi/10.3.1/../../../../arm-none-eabi/lib/thumb/v7-m/nofp\libc_nano.a(lib_a-lock.o)
                0x0000000020000d28                __lock___malloc_recursive_mutex
 .bss.__lock___sfp_recursive_mutex
                0x0000000020000d29        0x1 c:/st/stm32cubeide_1.10.0/stm32cubeide/plugins/com.st.stm32cube.ide.mcu.externaltools.gnu-tools-for-stm32.10.3-2021.10.win32_1.0.0.202111181127/tools/bin/../lib/gcc/arm-none-eabi/10.3.1/../../../../arm-none-eabi/lib/thumb/v7-m/nofp\libc_nano.a(lib_a-lock.o)
                0x0000000020000d29                __lock___sfp_recursive_mutex
 .bss.__lock___sinit_recursive_mutex
                0x0000000020000d2a        0x1 c:/st/stm32cubeide_1.10.0/stm32cubeide/plugins/com.st.stm32cube.ide.mcu.externaltools.gnu-tools-for-stm32.10.3-2021.10.win32_1.0.0.202111181127/tools/bin/../lib/gcc/arm-none-eabi/10.3.1/../../../../arm-none-eabi/lib/thumb/v7-m/nofp\libc_nano.a(lib_a-lock.o)
                0x0000000020000d2a                __lock___sinit_recursive_mutex
 *fill*         0x0000000020000d2b        0x1 
 .bss.errno     0x0000000020000d2c        0x4 c:/st/stm32cubeide_1.10.0/stm32cubeide/plugins/com.st.stm32cube.ide.mcu.externaltools.gnu-tools-for-stm32.10.3-2021.10.win32_1.0.0.202111181127/tools/bin/../lib/gcc/arm-none-eabi/10.3.1/../../../../arm-none-eabi/lib/thumb/v7-m/nofp\libc_nano.a(lib_a-reent.o)
                0x0000000020000d2c                errno
 *(COMMON)
                0x0000000020000d30                . = ALIGN (0x4)
                0x0000000020000d30                _ebss = .
                0x0000000020000d30                __bss_end__ = _ebss

._user_heap_stack
                0x0000000020000d30      0x600 load address 0x000000000800797c
                0x0000000020000d30                . = ALIGN (0x8)
                0x0000000020000d30                PROVIDE (end = .)
                [!provide]                        PROVIDE (_end = .)
                0x0000000020000f30                . = (. + _Min_Heap_Size)
 *fill*         0x0000000020000d30      0x200 
                0x0000000020001330                . = (. + _Min_Stack_Size)
 *fill*         0x0000000020000f30      0x400 
                0x0000000020001330                . = ALIGN (0x8)

/DISCARD/
 libc.a(*)
 libm.a(*)
 libgcc.a(*)

.ARM.attributes
                0x0000000000000000       0x29
 *(.ARM.attributes)
 .ARM.attributes
                0x0000000000000000       0x1d c:/st/stm32cubeide_1.10.0/stm32cubeide/plugins/com.st.stm32cube.ide.mcu.externaltools.gnu-tools-for-stm32.10.3-2021.10.win32_1.0.0.202111181127/tools/bin/../lib/gcc/arm-none-eabi/10.3.1/thumb/v7-m/nofp/crti.o
 .ARM.attributes
                0x000000000000001d       0x2d c:/st/stm32cubeide_1.10.0/stm32cubeide/plugins/com.st.stm32cube.ide.mcu.externaltools.gnu-tools-for-stm32.10.3-2021.10.win32_1.0.0.202111181127/tools/bin/../lib/gcc/arm-none-eabi/10.3.1/thumb/v7-m/nofp/crtbegin.o
 .ARM.attributes
                0x000000000000004a       0x2d ./CMSIS/src/system_stm32f10x.o
 .ARM.attributes
                0x0000000000000077       0x2d ./Core/src/main.o
 .ARM.attributes
                0x00000000000000a4       0x2d ./Core/src/perif.o
 .ARM.attributes
                0x00000000000000d1       0x2d ./Core/src/startup.o
 .ARM.attributes
                0x00000000000000fe       0x2d ./LCD/src/LCD.o
 .ARM.attributes
                0x000000000000012b       0x2d ./NFC/src/nfcpn532.o
 .ARM.attributes
                0x0000000000000158       0x2d ./RTC/src/rtc.o
 .ARM.attributes
                0x0000000000000185       0x2d ./RTC/src/rtc_time.o
 .ARM.attributes
                0x00000000000001b2       0x2d ./SPI/src/spi.o
 .ARM.attributes
                0x00000000000001df       0x2d ./SPI/src/spiFlash.o
 .ARM.attributes
                0x000000000000020c       0x2d ./SPL/src/misc.o
 .ARM.attributes
                0x0000000000000239       0x2d ./SPL/src/stm32f10x_exti.o
 .ARM.attributes
                0x0000000000000266       0x2d ./SPL/src/stm32f10x_gpio.o
 .ARM.attributes
                0x0000000000000293       0x2d ./SPL/src/stm32f10x_i2c.o
 .ARM.attributes
                0x00000000000002c0       0x2d ./SPL/src/stm32f10x_rcc.o
 .ARM.attributes
                0x00000000000002ed       0x2d ./SPL/src/stm32f10x_spi.o
 .ARM.attributes
                0x000000000000031a       0x2d ./SPL/src/stm32f10x_tim.o
 .ARM.attributes
                0x0000000000000347       0x2d ./SPL/src/stm32f10x_usart.o
 .ARM.attributes
                0x0000000000000374       0x21 ./Startup/startup_stm32f103xb.o
 .ARM.attributes
                0x0000000000000395       0x2d ./USART/src/usart.o
 .ARM.attributes
                0x00000000000003c2       0x2d ./syscalls.o
 .ARM.attributes