D:/Freertos tests/NFC_and_Barcode_STM32/CMSIS/inc/core_cm3.h:1308:22:NVIC_EnableIRQ	16	static
../Core/src/perif.c:74:6:LED_Init	16	static
../Core/src/perif.c:125:6:BTN_Init	16	static
../Core/src/perif.c:162:6:BTN_IRQHandler	8	static
../Core/src/perif.c:201:6:Timer1Init	24	static
../Core/src/perif.c:243:6:EnableTimer1Interrupt	8	static
../Core/src/perif.c:254:6:DisableTimer1Interrupt	8	static
../Core/src/perif.c:269:6:TIM1_IRQHandler	8	static
../Core/src/perif.c:463:10:GetTickCount	4	static
../Core/src/perif.c:468:6:PN532_FirmWareVersion2String	16	static
../Core/src/perif.c:493:6:ValueInterrupToStr	4	static
../Core/src/perif.c:504:6:fourbytes2strhex	24	static
../Core/src/perif.c:546:10:UIDResponse	24	static
../Core/src/perif.c:565:6:BytesHex2Str	32	static
../Core/src/perif.c:608:6:PN532_WriteTagtoHex	16	static
../Core/src/perif.c:651:6:spi_gpio_init	16	static
../Core/src/perif.c:682:10:bcode_conv_to_flash	48	static
../Core/src/perif.c:720:6:nfc_conv_to_flash	16	static
../Core/src/perif.c:726:6:data_conv2Flash	24	static
../Core/src/perif.c:745:6:nfc_conv2Flash	16	static
../Core/src/perif.c:761:6:addr_conv2Flash	16	static
../Core/src/perif.c:770:10:flash_conv2_addr	24	static
../Core/src/perif.c:777:10:flash_conv2_timer	24	static
../Core/src/perif.c:784:6:flash_conv2_bcode	16	static
../Core/src/perif.c:834:6:wr_test_prepare	24	static
