D:/Freertos tests/NFC_and_Barcode_STM32/CMSIS/inc/core_cm3.h:1308:22:NVIC_EnableIRQ	16	static
../Core/src/perif.c:76:6:LED_Init	16	static
../Core/src/perif.c:127:6:BTN_Init	16	static
../Core/src/perif.c:164:6:BTN_IRQHandler	8	static
../Core/src/perif.c:203:6:Timer1Init	24	static
../Core/src/perif.c:245:6:EnableTimer1Interrupt	8	static
../Core/src/perif.c:256:6:DisableTimer1Interrupt	8	static
../Core/src/perif.c:271:6:TIM1_IRQHandler	8	static
../Core/src/perif.c:465:10:GetTickCount	4	static
../Core/src/perif.c:470:6:PN532_FirmWareVersion2String	16	static
../Core/src/perif.c:495:6:ValueInterrupToStr	4	static
../Core/src/perif.c:506:6:fourbytes2strhex	24	static
../Core/src/perif.c:548:10:UIDResponse	24	static
../Core/src/perif.c:567:6:BytesHex2Str	32	static
../Core/src/perif.c:610:6:PN532_WriteTagtoHex	16	static
../Core/src/perif.c:653:6:spi_gpio_init	16	static
../Core/src/perif.c:684:10:bcode_conv_to_flash	48	static
../Core/src/perif.c:722:6:nfc_conv_to_flash	16	static
../Core/src/perif.c:728:6:data_conv2Flash	24	static
../Core/src/perif.c:747:6:nfc_conv2Flash	16	static
../Core/src/perif.c:763:6:addr_conv2Flash	16	static
../Core/src/perif.c:772:10:flash_conv2_addr	24	static
../Core/src/perif.c:779:10:flash_conv2_timer	24	static
../Core/src/perif.c:786:6:flash_conv2_bcode	4	static
../Core/src/perif.c:804:10:flash_conv2_uid	24	static
../Core/src/perif.c:811:6:flash_conv2_nfc	16	static
../Core/src/perif.c:830:6:wr_test_prepare	24	static
