D:/Freertos tests/NFC_and_Barcode_STM32/CMSIS/inc/core_cm3.h:1308:22:NVIC_EnableIRQ	16	static
../Core/src/perif.c:67:6:LED_Init	16	static
../Core/src/perif.c:118:6:BTN_Init	16	static
../Core/src/perif.c:155:6:BTN_IRQHandler	8	static
../Core/src/perif.c:194:6:Timer1Init	24	static
../Core/src/perif.c:236:6:EnableTimer1Interrupt	8	static
../Core/src/perif.c:247:6:DisableTimer1Interrupt	8	static
../Core/src/perif.c:262:6:TIM1_IRQHandler	8	static
../Core/src/perif.c:456:10:GetTickCount	4	static
../Core/src/perif.c:461:6:PN532_FirmWareVersion2String	16	static
../Core/src/perif.c:486:6:ValueInterrupToStr	4	static
../Core/src/perif.c:497:6:fourbytes2strhex	24	static
../Core/src/perif.c:539:10:UIDResponse	24	static
../Core/src/perif.c:558:6:BytesHex2Str	32	static
../Core/src/perif.c:601:6:PN532_WriteTagtoHex	16	static
../Core/src/perif.c:644:6:spi_gpio_init	16	static
../Core/src/perif.c:675:6:bcode_conv_to_flash	32	static
../Core/src/perif.c:698:6:nfc_conv_to_flash	16	static
../Core/src/perif.c:704:6:data_conv2Flash	40	static
../Core/src/perif.c:716:6:addr_conv2Flash	16	static
