D:/Freertos tests/NFC_and_Barcode_STM32/CMSIS/inc/core_cm3.h:1308:22:NVIC_EnableIRQ	16	static
../Core/src/perif.c:72:6:LED_Init	16	static
../Core/src/perif.c:123:6:BTN_Init	16	static
../Core/src/perif.c:160:6:BTN_IRQHandler	8	static
../Core/src/perif.c:199:6:Timer1Init	24	static
../Core/src/perif.c:241:6:EnableTimer1Interrupt	8	static
../Core/src/perif.c:252:6:DisableTimer1Interrupt	8	static
../Core/src/perif.c:267:6:TIM1_IRQHandler	8	static
../Core/src/perif.c:461:10:GetTickCount	4	static
../Core/src/perif.c:466:6:PN532_FirmWareVersion2String	16	static
../Core/src/perif.c:491:6:ValueInterrupToStr	4	static
../Core/src/perif.c:502:6:fourbytes2strhex	24	static
../Core/src/perif.c:544:10:UIDResponse	24	static
../Core/src/perif.c:563:6:BytesHex2Str	32	static
../Core/src/perif.c:606:6:PN532_WriteTagtoHex	16	static
../Core/src/perif.c:649:6:spi_gpio_init	16	static
../Core/src/perif.c:680:10:bcode_conv_to_flash	48	static
../Core/src/perif.c:715:6:nfc_conv_to_flash	16	static
../Core/src/perif.c:721:6:data_conv2Flash	24	static
../Core/src/perif.c:740:6:nfc_conv2Flash	16	static
../Core/src/perif.c:756:6:addr_conv2Flash	16	static
../Core/src/perif.c:765:10:flash_conv2_addr	24	static
../Core/src/perif.c:773:6:wr_test_prepare	24	static
