../SPL/src/stm32f10x_gpio.c:108:6:GPIO_DeInit	16	static
../SPL/src/stm32f10x_gpio.c:156:6:GPIO_AFIODeInit	8	static
../SPL/src/stm32f10x_gpio.c:170:6:GPIO_Init	40	static
../SPL/src/stm32f10x_gpio.c:256:6:GPIO_StructInit	16	static
../SPL/src/stm32f10x_gpio.c:271:9:GPIO_ReadInputDataBit	24	static
../SPL/src/stm32f10x_gpio.c:291:10:GPIO_ReadInputData	16	static
../SPL/src/stm32f10x_gpio.c:303:9:GPIO_ReadOutputDataBit	24	static
../SPL/src/stm32f10x_gpio.c:323:10:GPIO_ReadOutputData	16	static
../SPL/src/stm32f10x_gpio.c:335:6:GPIO_SetBits	16	static
../SPL/src/stm32f10x_gpio.c:347:6:GPIO_ResetBits	16	static
../SPL/src/stm32f10x_gpio.c:363:6:GPIO_WriteBit	16	static
../SPL/src/stm32f10x_gpio.c:381:6:GPIO_Write	16	static
../SPL/src/stm32f10x_gpio.c:393:6:GPIO_PinLockConfig	24	static
../SPL/src/stm32f10x_gpio.c:419:6:GPIO_EventOutputConfig	24	static
../SPL/src/stm32f10x_gpio.c:437:6:GPIO_EventOutputCmd	16	static
../SPL/src/stm32f10x_gpio.c:500:6:GPIO_PinRemapConfig	32	static
../SPL/src/stm32f10x_gpio.c:556:6:GPIO_EXTILineConfig	24	static
../SPL/src/stm32f10x_gpio.c:574:6:GPIO_ETH_MediaInterfaceConfig	16	static
